2026-07-19T03:04:46.8037690Z Current runner version: '2.335.1'
2026-07-19T03:04:46.8052530Z ##[group]Runner Image Provisioner
2026-07-19T03:04:46.8053040Z Hosted Compute Agent
2026-07-19T03:04:46.8053410Z Version: 20260624.560
2026-07-19T03:04:46.8053800Z Commit: 925d229a51159bc391ae97e54a2dd1fe20af789d
2026-07-19T03:04:46.8054270Z Build Date: 2026-06-24T18:26:47Z
2026-07-19T03:04:46.8054700Z Worker ID: {0a341338-7c1e-4d3c-9d15-6255a3b39035}
2026-07-19T03:04:46.8055150Z Azure Region: westus
2026-07-19T03:04:46.8055510Z ##[endgroup]
2026-07-19T03:04:46.8056440Z ##[group]Operating System
2026-07-19T03:04:46.8056820Z macOS
2026-07-19T03:04:46.8057160Z 14.8.7
2026-07-19T03:04:46.8057480Z 23J520
2026-07-19T03:04:46.8057810Z ##[endgroup]
2026-07-19T03:04:46.8058150Z ##[group]Runner Image
2026-07-19T03:04:46.8058560Z Image: macos-14-arm64
2026-07-19T03:04:46.8058920Z Version: 20260629.0180.1
2026-07-19T03:04:46.8059720Z Included Software: https://github.com/actions/runner-images/blob/macos-14-arm64/20260629.0180/images/macos/macos-14-arm64-Readme.md
2026-07-19T03:04:46.8060710Z Image Release: https://github.com/actions/runner-images/releases/tag/macos-14-arm64%2F20260629.0180
2026-07-19T03:04:46.8061330Z ##[endgroup]
2026-07-19T03:04:46.8062020Z ##[group]GITHUB_TOKEN Permissions
2026-07-19T03:04:46.8063000Z Contents: write
2026-07-19T03:04:46.8063340Z Metadata: read
2026-07-19T03:04:46.8063670Z ##[endgroup]
2026-07-19T03:04:46.8064980Z Secret source: Actions
2026-07-19T03:04:46.8065400Z Prepare workflow directory
2026-07-19T03:04:46.8444440Z Prepare all required actions
2026-07-19T03:04:46.8472260Z Getting action download info
2026-07-19T03:04:47.0141260Z Download action repository 'actions/checkout@v4' (SHA:34e114876b0b11c390a56381ad16ebd13914f8d5)
2026-07-19T03:04:47.4065340Z Download action repository 'dtolnay/rust-toolchain@stable' (SHA:4cda84d5c5c54efe2404f9d843567869ab1699d4)
2026-07-19T03:04:47.8803990Z Download action repository 'Swatinem/rust-cache@v2' (SHA:e18b497796c12c097a38f9edb9d0641fb99eee32)
2026-07-19T03:04:48.9450830Z Download action repository 'actions/setup-node@v4' (SHA:49933ea5288caeca8642d1e84afbd3f7d6820020)
2026-07-19T03:04:49.0474940Z Download action repository 'actions/setup-java@v4' (SHA:c1e323688fd81a25caa38c78aa6df2d33d3e20d9)
2026-07-19T03:04:50.0703410Z Download action repository 'android-actions/setup-android@v3' (SHA:9fc6c4e9069bf8d3d10b2204b1fb8f6ef7065407)
2026-07-19T03:04:50.8118100Z Download action repository 'nttld/setup-ndk@v1' (SHA:ed92fe6cadad69be94a966a7ee3271275e62f779)
2026-07-19T03:04:51.6386890Z Download action repository 'tauri-apps/tauri-action@cf3eb9b18add8548a40584695215c80ab7274f31' (SHA:cf3eb9b18add8548a40584695215c80ab7274f31)
2026-07-19T03:04:52.5980850Z Download action repository 'actions/upload-artifact@v4' (SHA:ea165f8d65b6e75b540449e92b4886f43607fa02)
2026-07-19T03:04:52.8032150Z Uses: Tri250/koudaixiangce/.github/workflows/build.yml@refs/tags/v1.7.3 (96466be4c2092d364088375ddf37969a07b56f2b)
2026-07-19T03:04:52.8034830Z ##[group] Inputs
2026-07-19T03:04:52.8035060Z   platform: macos-14
2026-07-19T03:04:52.8035260Z   target: aarch64-apple-darwin
2026-07-19T03:04:52.8035450Z   build-args: 
2026-07-19T03:04:52.8035590Z   release-id: 356245330
2026-07-19T03:04:52.8035750Z   asset-prefix: 02
2026-07-19T03:04:52.8035960Z   asset-name-pattern: [name]_v[version]_[platform]_[arch][ext]
2026-07-19T03:04:52.8036400Z   upload-artifacts: false
2026-07-19T03:04:52.8036580Z   repository: 
2026-07-19T03:04:52.8036730Z   ref: refs/tags/v1.7.3
2026-07-19T03:04:52.8036880Z   mobile: 
2026-07-19T03:04:52.8037010Z ##[endgroup]
2026-07-19T03:04:52.8037250Z Complete job name: release (macos-14, aarch64-apple-darwin, 02) / build
2026-07-19T03:04:52.8441860Z Node 20 is being deprecated. This workflow is running with Node 24 by default. If you need to temporarily use Node 20, you can set the ACTIONS_ALLOW_USE_UNSECURE_NODE_VERSION=true environment variable. For more information see: https://github.blog/changelog/2025-09-19-deprecation-of-node-20-on-github-actions-runners/
2026-07-19T03:04:52.8447400Z ##[group]Run actions/checkout@v4
2026-07-19T03:04:52.8448130Z with:
2026-07-19T03:04:52.8448260Z   ref: refs/tags/v1.7.3
2026-07-19T03:04:52.8448410Z   fetch-depth: 0
2026-07-19T03:04:52.8450370Z   token: ***
2026-07-19T03:04:52.8450500Z   ssh-strict: true
2026-07-19T03:04:52.8450630Z   ssh-user: git
2026-07-19T03:04:52.8450780Z   persist-credentials: true
2026-07-19T03:04:52.8450950Z   clean: true
2026-07-19T03:04:52.8451110Z   sparse-checkout-cone-mode: true
2026-07-19T03:04:52.8451280Z   fetch-tags: false
2026-07-19T03:04:52.8451420Z   show-progress: true
2026-07-19T03:04:52.8451560Z   lfs: false
2026-07-19T03:04:52.8451710Z   submodules: false
2026-07-19T03:04:52.8451850Z   set-safe-directory: true
2026-07-19T03:04:52.8452100Z ##[endgroup]
2026-07-19T03:04:53.1845160Z Syncing repository: Tri250/koudaixiangce
2026-07-19T03:04:53.1846150Z ##[group]Getting Git version info
2026-07-19T03:04:53.1846490Z Working directory is '/Users/runner/work/koudaixiangce/koudaixiangce'
2026-07-19T03:04:53.1847060Z [command]/opt/homebrew/bin/git version
2026-07-19T03:04:53.2118720Z git version 2.54.0
2026-07-19T03:04:53.2181970Z ##[endgroup]
2026-07-19T03:04:53.2188140Z Copying '/Users/runner/.gitconfig' to '/Users/runner/work/_temp/eb4f379d-3dc2-49d4-b905-256118e63eff/.gitconfig'
2026-07-19T03:04:53.2188870Z Temporarily overriding HOME='/Users/runner/work/_temp/eb4f379d-3dc2-49d4-b905-256118e63eff' before making global git config changes
2026-07-19T03:04:53.2189460Z Adding repository directory to the temporary git global config as a safe directory
2026-07-19T03:04:53.2190050Z [command]/opt/homebrew/bin/git config --global --add safe.directory /Users/runner/work/koudaixiangce/koudaixiangce
2026-07-19T03:04:53.2233330Z Deleting the contents of '/Users/runner/work/koudaixiangce/koudaixiangce'
2026-07-19T03:04:53.2236020Z ##[group]Initializing the repository
2026-07-19T03:04:53.2239220Z [command]/opt/homebrew/bin/git init /Users/runner/work/koudaixiangce/koudaixiangce
2026-07-19T03:04:53.2409400Z hint: Using 'master' as the name for the initial branch. This default branch name
2026-07-19T03:04:53.2413740Z hint: will change to "main" in Git 3.0. To configure the initial branch name
2026-07-19T03:04:53.2415100Z hint: to use in all of your new repositories, which will suppress this warning,
2026-07-19T03:04:53.2415610Z hint: call:
2026-07-19T03:04:53.2415890Z hint:
2026-07-19T03:04:53.2416270Z hint: 	git config --global init.defaultBranch <name>
2026-07-19T03:04:53.2416640Z hint:
2026-07-19T03:04:53.2417030Z hint: Names commonly chosen instead of 'master' are 'main', 'trunk' and
2026-07-19T03:04:53.2417570Z hint: 'development'. The just-created branch can be renamed via this command:
2026-07-19T03:04:53.2417980Z hint:
2026-07-19T03:04:53.2418250Z hint: 	git branch -m <name>
2026-07-19T03:04:53.2418600Z hint:
2026-07-19T03:04:53.2420910Z hint: Disable this message with "git config set advice.defaultBranchName false"
2026-07-19T03:04:53.2421700Z Initialized empty Git repository in /Users/runner/work/koudaixiangce/koudaixiangce/.git/
2026-07-19T03:04:53.2423230Z [command]/opt/homebrew/bin/git remote add origin https://github.com/Tri250/koudaixiangce
2026-07-19T03:04:53.2470120Z ##[endgroup]
2026-07-19T03:04:53.2470450Z ##[group]Disabling automatic garbage collection
2026-07-19T03:04:53.2473070Z [command]/opt/homebrew/bin/git config --local gc.auto 0
2026-07-19T03:04:53.2513400Z ##[endgroup]
2026-07-19T03:04:53.2513740Z ##[group]Setting up auth
2026-07-19T03:04:53.2517960Z [command]/opt/homebrew/bin/git config --local --name-only --get-regexp core\.sshCommand
2026-07-19T03:04:53.2565970Z [command]/opt/homebrew/bin/git submodule foreach --recursive sh -c "git config --local --name-only --get-regexp 'core\.sshCommand' && git config --local --unset-all 'core.sshCommand' || :"
2026-07-19T03:04:53.3213930Z [command]/opt/homebrew/bin/git config --local --name-only --get-regexp http\.https\:\/\/github\.com\/\.extraheader
2026-07-19T03:04:53.3254410Z [command]/opt/homebrew/bin/git submodule foreach --recursive sh -c "git config --local --name-only --get-regexp 'http\.https\:\/\/github\.com\/\.extraheader' && git config --local --unset-all 'http.https://github.com/.extraheader' || :"
2026-07-19T03:04:53.3750130Z [command]/opt/homebrew/bin/git config --local --name-only --get-regexp ^includeIf\.gitdir:
2026-07-19T03:04:53.3796240Z [command]/opt/homebrew/bin/git submodule foreach --recursive git config --local --show-origin --name-only --get-regexp remote.origin.url
2026-07-19T03:04:53.4475090Z [command]/opt/homebrew/bin/git config --local http.https://github.com/.extraheader AUTHORIZATION: basic ***
2026-07-19T03:04:53.4524210Z ##[endgroup]
2026-07-19T03:04:53.4524600Z ##[group]Fetching the repository
2026-07-19T03:04:53.4525370Z [command]/opt/homebrew/bin/git -c protocol.version=2 fetch --prune --no-recurse-submodules origin +refs/heads/*:refs/remotes/origin/* +refs/tags/*:refs/tags/*
2026-07-19T03:04:59.3567430Z From https://github.com/Tri250/koudaixiangce
2026-07-19T03:04:59.3591940Z  * [new branch]      dev-v1.6.0        -> origin/dev-v1.6.0
2026-07-19T03:04:59.3592790Z  * [new branch]      main              -> origin/main
2026-07-19T03:04:59.3593320Z  * [new branch]      trae/agent-1dlNc4 -> origin/trae/agent-1dlNc4
2026-07-19T03:04:59.3593830Z  * [new branch]      trae/agent-60u9Dx -> origin/trae/agent-60u9Dx
2026-07-19T03:04:59.3594380Z  * [new branch]      trae/agent-CEDeVB -> origin/trae/agent-CEDeVB
2026-07-19T03:04:59.3595470Z  * [new branch]      trae/agent-Dyb7yp -> origin/trae/agent-Dyb7yp
2026-07-19T03:04:59.3597240Z  * [new branch]      trae/agent-EGfttF -> origin/trae/agent-EGfttF
2026-07-19T03:04:59.3598360Z  * [new branch]      trae/agent-H9fOE8 -> origin/trae/agent-H9fOE8
2026-07-19T03:04:59.3599610Z  * [new branch]      trae/agent-IsMQp5 -> origin/trae/agent-IsMQp5
2026-07-19T03:04:59.3607140Z  * [new branch]      trae/agent-MjREPN -> origin/trae/agent-MjREPN
2026-07-19T03:04:59.3608460Z  * [new branch]      trae/agent-P0dpRW -> origin/trae/agent-P0dpRW
2026-07-19T03:04:59.3609550Z  * [new branch]      trae/agent-PqOKvZ -> origin/trae/agent-PqOKvZ
2026-07-19T03:04:59.3611700Z  * [new branch]      trae/agent-VjKTQl -> origin/trae/agent-VjKTQl
2026-07-19T03:04:59.3613010Z  * [new branch]      trae/agent-b0RBUI -> origin/trae/agent-b0RBUI
2026-07-19T03:04:59.3614100Z  * [new branch]      trae/agent-cSo9JA -> origin/trae/agent-cSo9JA
2026-07-19T03:04:59.3618550Z  * [new branch]      trae/agent-iYTX9J -> origin/trae/agent-iYTX9J
2026-07-19T03:04:59.3618990Z  * [new branch]      trae/agent-iue59K -> origin/trae/agent-iue59K
2026-07-19T03:04:59.3619450Z  * [new branch]      trae/agent-k7H91m -> origin/trae/agent-k7H91m
2026-07-19T03:04:59.3619860Z  * [new branch]      trae/agent-oE7lso -> origin/trae/agent-oE7lso
2026-07-19T03:04:59.3620320Z  * [new branch]      trae/agent-pmqxG3 -> origin/trae/agent-pmqxG3
2026-07-19T03:04:59.3620800Z  * [new branch]      trae/agent-rW0mEJ -> origin/trae/agent-rW0mEJ
2026-07-19T03:04:59.3621200Z  * [new branch]      trae/agent-tcPPhd -> origin/trae/agent-tcPPhd
2026-07-19T03:04:59.3621620Z  * [new branch]      trae/agent-tgZZv5 -> origin/trae/agent-tgZZv5
2026-07-19T03:04:59.3622160Z  * [new branch]      trae/agent-urQVeV -> origin/trae/agent-urQVeV
2026-07-19T03:04:59.3622540Z  * [new tag]         v1.5.9            -> v1.5.9
2026-07-19T03:04:59.3622870Z  * [new tag]         v1.6.0            -> v1.6.0
2026-07-19T03:04:59.3623230Z  * [new tag]         v1.7.0            -> v1.7.0
2026-07-19T03:04:59.3623540Z  * [new tag]         v1.7.1            -> v1.7.1
2026-07-19T03:04:59.3624640Z  * [new tag]         v1.7.2            -> v1.7.2
2026-07-19T03:04:59.3625110Z  * [new tag]         v1.7.3            -> v1.7.3
2026-07-19T03:04:59.3626050Z  * [new tag]         v1.7.4            -> v1.7.4
2026-07-19T03:04:59.3784270Z ##[endgroup]
2026-07-19T03:04:59.3784810Z ##[group]Determining the checkout info
2026-07-19T03:04:59.3785400Z ##[endgroup]
2026-07-19T03:04:59.3786850Z [command]/opt/homebrew/bin/git sparse-checkout disable
2026-07-19T03:04:59.3862510Z [command]/opt/homebrew/bin/git config --local --unset-all extensions.worktreeConfig
2026-07-19T03:04:59.3912550Z ##[group]Checking out the ref
2026-07-19T03:04:59.3916150Z [command]/opt/homebrew/bin/git checkout --progress --force refs/tags/v1.7.3
2026-07-19T03:05:00.0390940Z HEAD is now at 96466be fix(ci): 修复Cargo.toml找不到错误，替换setup-rust-toolchain为dtolnay/rust-toolchain
2026-07-19T03:05:00.0471630Z ##[endgroup]
2026-07-19T03:05:00.0601150Z [command]/opt/homebrew/bin/git log -1 --format=%H
2026-07-19T03:05:00.0660990Z 96466be4c2092d364088375ddf37969a07b56f2b
2026-07-19T03:05:00.1015280Z ##[group]Run dtolnay/rust-toolchain@stable
2026-07-19T03:05:00.1034430Z with:
2026-07-19T03:05:00.1034670Z   targets: aarch64-apple-darwin
2026-07-19T03:05:00.1034920Z   toolchain: stable
2026-07-19T03:05:00.1035160Z ##[endgroup]
2026-07-19T03:05:00.1256070Z ##[group]Run : parse toolchain version
2026-07-19T03:05:00.1256490Z [36;1m: parse toolchain version[0m
2026-07-19T03:05:00.1256760Z [36;1mif [[ -z $toolchain ]]; then[0m
2026-07-19T03:05:00.1257190Z [36;1m  # GitHub does not enforce `required: true` inputs itself. https://github.com/actions/runner/issues/1070[0m
2026-07-19T03:05:00.1257780Z [36;1m  echo "'toolchain' is a required input" >&2[0m
2026-07-19T03:05:00.1258040Z [36;1m  exit 1[0m
2026-07-19T03:05:00.1258340Z [36;1melif [[ $toolchain =~ ^stable' '[0-9]+' '(year|month|week|day)s?' 'ago$ ]]; then[0m
2026-07-19T03:05:00.1258730Z [36;1m  if [[ macOS == macOS ]]; then[0m
2026-07-19T03:05:00.1259280Z [36;1m    echo "toolchain=1.$((($(date -v-$(sed 's/stable \([0-9]*\) \(.\).*/\1\2/' <<< $toolchain) +%s)/60/60/24-16569)/7/6))" >> $GITHUB_OUTPUT[0m
2026-07-19T03:05:00.1259730Z [36;1m  else[0m
2026-07-19T03:05:00.1260150Z [36;1m    echo "toolchain=1.$((($(date --date "${toolchain#stable }" +%s)/60/60/24-16569)/7/6))" >> $GITHUB_OUTPUT[0m
2026-07-19T03:05:00.1260540Z [36;1m  fi[0m
2026-07-19T03:05:00.1260850Z [36;1melif [[ $toolchain =~ ^stable' 'minus' '[0-9]+' 'releases?$ ]]; then[0m
2026-07-19T03:05:00.1261280Z [36;1m  echo "toolchain=1.$((($(date +%s)/60/60/24-16569)/7/6-${toolchain//[^0-9]/}))" >> $GITHUB_OUTPUT[0m
2026-07-19T03:05:00.1261760Z [36;1melif [[ $toolchain =~ ^1\.[0-9]+$ ]]; then[0m
2026-07-19T03:05:00.1262270Z [36;1m  echo "toolchain=1.$((i=${toolchain#1.}, c=($(date +%s)/60/60/24-16569)/7/6, i+9*i*(10*i<=c)+90*i*(100*i<=c)))" >> $GITHUB_OUTPUT[0m
2026-07-19T03:05:00.1262780Z [36;1melse[0m
2026-07-19T03:05:00.1262960Z [36;1m  echo "toolchain=$toolchain" >> $GITHUB_OUTPUT[0m
2026-07-19T03:05:00.1263320Z [36;1mfi[0m
2026-07-19T03:05:00.1334190Z shell: /bin/bash --noprofile --norc -e -o pipefail {0}
2026-07-19T03:05:00.1334470Z env:
2026-07-19T03:05:00.1334690Z   toolchain: stable
2026-07-19T03:05:00.1334880Z ##[endgroup]
2026-07-19T03:05:00.1839340Z ##[group]Run : construct rustup command line
2026-07-19T03:05:00.1839700Z [36;1m: construct rustup command line[0m
2026-07-19T03:05:00.1840100Z [36;1mecho "targets=$(for t in ${targets//,/ }; do echo -n ' --target' $t; done)" >> $GITHUB_OUTPUT[0m
2026-07-19T03:05:00.1840640Z [36;1mecho "components=$(for c in ${components//,/ }; do echo -n ' --component' $c; done)" >> $GITHUB_OUTPUT[0m
2026-07-19T03:05:00.1841130Z [36;1mecho "downgrade=" >> $GITHUB_OUTPUT[0m
2026-07-19T03:05:00.1897980Z shell: /bin/bash --noprofile --norc -e -o pipefail {0}
2026-07-19T03:05:00.1898320Z env:
2026-07-19T03:05:00.1898500Z   targets: aarch64-apple-darwin
2026-07-19T03:05:00.1898720Z   components: 
2026-07-19T03:05:00.1898870Z ##[endgroup]
2026-07-19T03:05:00.2220490Z ##[group]Run : set $CARGO_HOME
2026-07-19T03:05:00.2220830Z [36;1m: set $CARGO_HOME[0m
2026-07-19T03:05:00.2221090Z [36;1mecho CARGO_HOME=${CARGO_HOME:-"$HOME/.cargo"} >> $GITHUB_ENV[0m
2026-07-19T03:05:00.2269830Z shell: /bin/bash --noprofile --norc -e -o pipefail {0}
2026-07-19T03:05:00.2270120Z ##[endgroup]
2026-07-19T03:05:00.2601920Z ##[group]Run : install rustup if needed
2026-07-19T03:05:00.2602240Z [36;1m: install rustup if needed[0m
2026-07-19T03:05:00.2602530Z [36;1mif ! command -v rustup &>/dev/null; then[0m
2026-07-19T03:05:00.2603190Z [36;1m  curl --proto '=https' --tlsv1.2 --retry 10 --retry-connrefused --location --silent --show-error --fail https://sh.rustup.rs | sh -s -- --default-toolchain none -y[0m
2026-07-19T03:05:00.2604220Z [36;1m  echo "$CARGO_HOME/bin" >> $GITHUB_PATH[0m
2026-07-19T03:05:00.2604450Z [36;1mfi[0m
2026-07-19T03:05:00.2657530Z shell: /bin/bash --noprofile --norc -e -o pipefail {0}
2026-07-19T03:05:00.2658270Z env:
2026-07-19T03:05:00.2658460Z   CARGO_HOME: /Users/runner/.cargo
2026-07-19T03:05:00.2659250Z ##[endgroup]
2026-07-19T03:05:00.3063410Z ##[group]Run rustup toolchain install stable --target aarch64-apple-darwin --profile minimal --no-self-update
2026-07-19T03:05:00.3065180Z [36;1mrustup toolchain install stable --target aarch64-apple-darwin --profile minimal --no-self-update[0m
2026-07-19T03:05:00.3130280Z shell: /bin/bash --noprofile --norc -e -o pipefail {0}
2026-07-19T03:05:00.3130580Z env:
2026-07-19T03:05:00.3130780Z   CARGO_HOME: /Users/runner/.cargo
2026-07-19T03:05:00.3131000Z   RUSTUP_PERMIT_COPY_RENAME: 1
2026-07-19T03:05:00.3131290Z ##[endgroup]
2026-07-19T03:05:00.7808230Z info: syncing channel updates for stable-aarch64-apple-darwin
2026-07-19T03:05:00.9403360Z info: latest update on 2026-07-16 for version 1.97.1 (8bab26f4f 2026-07-14)
2026-07-19T03:05:00.9530270Z info: removing previous version of component clippy
2026-07-19T03:05:00.9647970Z info: removing previous version of component rustfmt
2026-07-19T03:05:00.9677370Z info: removing previous version of component cargo
2026-07-19T03:05:00.9803140Z info: removing previous version of component rust-std
2026-07-19T03:05:00.9960320Z info: removing previous version of component rustc
2026-07-19T03:05:01.0132230Z info: downloading 5 components
2026-07-19T03:05:09.4521610Z 
2026-07-19T03:05:09.6694270Z   stable-aarch64-apple-darwin updated - rustc 1.97.1 (8bab26f4f 2026-07-14) (from rustc 1.96.0 (ac68faa20 2026-05-25))
2026-07-19T03:05:09.6697090Z info: self-update is disabled for this build of rustup
2026-07-19T03:05:09.6699640Z 
2026-07-19T03:05:09.6700000Z info: any updates to rustup will need to be fetched with your system package manager
2026-07-19T03:05:09.6787720Z ##[group]Run rustup default stable
2026-07-19T03:05:09.6787980Z [36;1mrustup default stable[0m
2026-07-19T03:05:09.6842920Z shell: /bin/bash --noprofile --norc -e -o pipefail {0}
2026-07-19T03:05:09.6843190Z env:
2026-07-19T03:05:09.6843380Z   CARGO_HOME: /Users/runner/.cargo
2026-07-19T03:05:09.6843580Z ##[endgroup]
2026-07-19T03:05:09.7251470Z info: using existing install for stable-aarch64-apple-darwin
2026-07-19T03:05:09.7271370Z info: default toolchain set to stable-aarch64-apple-darwin
2026-07-19T03:05:09.7272080Z 
2026-07-19T03:05:09.7371140Z   stable-aarch64-apple-darwin unchanged - rustc 1.97.1 (8bab26f4f 2026-07-14)
2026-07-19T03:05:09.7372720Z 
2026-07-19T03:05:09.7375140Z info: note that the toolchain '1.92.0-aarch64-apple-darwin' is currently in use (overridden by '/Users/runner/work/koudaixiangce/koudaixiangce/rust-toolchain.toml')
2026-07-19T03:05:09.7440280Z ##[group]Run : create cachekey
2026-07-19T03:05:09.7440590Z [36;1m: create cachekey[0m
2026-07-19T03:05:09.7441070Z [36;1mDATE=$(rustc +stable --version --verbose | sed -ne 's/^commit-date: \(20[0-9][0-9]\)-\([01][0-9]\)-\([0-3][0-9]\)$/\1\2\3/p')[0m
2026-07-19T03:05:09.7441680Z [36;1mHASH=$(rustc +stable --version --verbose | sed -ne 's/^commit-hash: //p')[0m
2026-07-19T03:05:09.7442230Z [36;1mecho "cachekey=$(echo $DATE$HASH | head -c12)" >> $GITHUB_OUTPUT[0m
2026-07-19T03:05:09.7493300Z shell: /bin/bash --noprofile --norc -e -o pipefail {0}
2026-07-19T03:05:09.7493550Z env:
2026-07-19T03:05:09.7493710Z   CARGO_HOME: /Users/runner/.cargo
2026-07-19T03:05:09.7493920Z ##[endgroup]
2026-07-19T03:05:09.8407520Z ##[group]Run : disable incremental compilation
2026-07-19T03:05:09.8407850Z [36;1m: disable incremental compilation[0m
2026-07-19T03:05:09.8408140Z [36;1mif [ -z "${CARGO_INCREMENTAL+set}" ]; then[0m
2026-07-19T03:05:09.8408420Z [36;1m  echo CARGO_INCREMENTAL=0 >> $GITHUB_ENV[0m
2026-07-19T03:05:09.8408680Z [36;1mfi[0m
2026-07-19T03:05:09.8458920Z shell: /bin/bash --noprofile --norc -e -o pipefail {0}
2026-07-19T03:05:09.8459220Z env:
2026-07-19T03:05:09.8459390Z   CARGO_HOME: /Users/runner/.cargo
2026-07-19T03:05:09.8459610Z ##[endgroup]
2026-07-19T03:05:09.8808250Z ##[group]Run : enable colors in Cargo output
2026-07-19T03:05:09.8808780Z [36;1m: enable colors in Cargo output[0m
2026-07-19T03:05:09.8809050Z [36;1mif [ -z "${CARGO_TERM_COLOR+set}" ]; then[0m
2026-07-19T03:05:09.8809840Z [36;1m  echo CARGO_TERM_COLOR=always >> $GITHUB_ENV[0m
2026-07-19T03:05:09.8811440Z [36;1mfi[0m
2026-07-19T03:05:09.8879330Z shell: /bin/bash --noprofile --norc -e -o pipefail {0}
2026-07-19T03:05:09.8879640Z env:
2026-07-19T03:05:09.8879820Z   CARGO_HOME: /Users/runner/.cargo
2026-07-19T03:05:09.8880060Z   CARGO_INCREMENTAL: 0
2026-07-19T03:05:09.8880250Z ##[endgroup]
2026-07-19T03:05:09.9345630Z ##[group]Run : enable Cargo sparse registry
2026-07-19T03:05:09.9346060Z [36;1m: enable Cargo sparse registry[0m
2026-07-19T03:05:09.9346420Z [36;1m# implemented in 1.66, stabilized in 1.68, made default in 1.70[0m
2026-07-19T03:05:09.9347570Z [36;1mif [ -z "${CARGO_REGISTRIES_CRATES_IO_PROTOCOL+set}" -o -f "/Users/runner/work/_temp"/.implicit_cargo_registries_crates_io_protocol ]; then[0m
2026-07-19T03:05:09.9348290Z [36;1m  if rustc +stable --version --verbose | grep -q '^release: 1\.6[89]\.'; then[0m
2026-07-19T03:05:09.9349010Z [36;1m    touch "/Users/runner/work/_temp"/.implicit_cargo_registries_crates_io_protocol || true[0m
2026-07-19T03:05:09.9349510Z [36;1m    echo CARGO_REGISTRIES_CRATES_IO_PROTOCOL=sparse >> $GITHUB_ENV[0m
2026-07-19T03:05:09.9350020Z [36;1m  elif rustc +stable --version --verbose | grep -q '^release: 1\.6[67]\.'; then[0m
2026-07-19T03:05:09.9350560Z [36;1m    touch "/Users/runner/work/_temp"/.implicit_cargo_registries_crates_io_protocol || true[0m
2026-07-19T03:05:09.9351040Z [36;1m    echo CARGO_REGISTRIES_CRATES_IO_PROTOCOL=git >> $GITHUB_ENV[0m
2026-07-19T03:05:09.9351370Z [36;1m  fi[0m
2026-07-19T03:05:09.9351570Z [36;1mfi[0m
2026-07-19T03:05:09.9433990Z shell: /bin/bash --noprofile --norc -e -o pipefail {0}
2026-07-19T03:05:09.9434310Z env:
2026-07-19T03:05:09.9434490Z   CARGO_HOME: /Users/runner/.cargo
2026-07-19T03:05:09.9434720Z   CARGO_INCREMENTAL: 0
2026-07-19T03:05:09.9434910Z   CARGO_TERM_COLOR: always
2026-07-19T03:05:09.9435130Z ##[endgroup]
2026-07-19T03:05:10.0263120Z ##[group]Run : work around spurious network errors in curl 8.0
2026-07-19T03:05:10.0263580Z [36;1m: work around spurious network errors in curl 8.0[0m
2026-07-19T03:05:10.0264180Z [36;1m# https://rust-lang.zulipchat.com/#narrow/stream/246057-t-cargo/topic/timeout.20investigation[0m
2026-07-19T03:05:10.0264720Z [36;1mif rustc +stable --version --verbose | grep -q '^release: 1\.7[01]\.'; then[0m
2026-07-19T03:05:10.0265140Z [36;1m  echo CARGO_HTTP_MULTIPLEXING=false >> $GITHUB_ENV[0m
2026-07-19T03:05:10.0265400Z [36;1mfi[0m
2026-07-19T03:05:10.0318850Z shell: /bin/bash --noprofile --norc -e -o pipefail {0}
2026-07-19T03:05:10.0319170Z env:
2026-07-19T03:05:10.0319350Z   CARGO_HOME: /Users/runner/.cargo
2026-07-19T03:05:10.0319560Z   CARGO_INCREMENTAL: 0
2026-07-19T03:05:10.0319730Z   CARGO_TERM_COLOR: always
2026-07-19T03:05:10.0319910Z ##[endgroup]
2026-07-19T03:05:10.0887120Z ##[group]Run rustc +stable --version --verbose
2026-07-19T03:05:10.0887470Z [36;1mrustc +stable --version --verbose[0m
2026-07-19T03:05:10.0940740Z shell: /bin/bash --noprofile --norc -e -o pipefail {0}
2026-07-19T03:05:10.0941030Z env:
2026-07-19T03:05:10.0941300Z   CARGO_HOME: /Users/runner/.cargo
2026-07-19T03:05:10.0941540Z   CARGO_INCREMENTAL: 0
2026-07-19T03:05:10.0941720Z   CARGO_TERM_COLOR: always
2026-07-19T03:05:10.0941910Z ##[endgroup]
2026-07-19T03:05:10.1404550Z rustc 1.97.1 (8bab26f4f 2026-07-14)
2026-07-19T03:05:10.1404900Z binary: rustc
2026-07-19T03:05:10.1405120Z commit-hash: 8bab26f4f68e0e26f0bb7960be334d5b520ea452
2026-07-19T03:05:10.1405420Z commit-date: 2026-07-14
2026-07-19T03:05:10.1405620Z host: aarch64-apple-darwin
2026-07-19T03:05:10.1406460Z release: 1.97.1
2026-07-19T03:05:10.1409120Z LLVM version: 22.1.6
2026-07-19T03:05:10.1520800Z ##[group]Run Swatinem/rust-cache@v2
2026-07-19T03:05:10.1521040Z with:
2026-07-19T03:05:10.1521180Z   workspaces: src-tauri
2026-07-19T03:05:10.1521350Z   key: macos-14
2026-07-19T03:05:10.1521500Z   prefix-key: v0-rust
2026-07-19T03:05:10.1521690Z   add-job-id-key: true
2026-07-19T03:05:10.1521880Z   add-rust-environment-hash-key: true
2026-07-19T03:05:10.1522090Z   cache-targets: true
2026-07-19T03:05:10.1522250Z   cache-all-crates: false
2026-07-19T03:05:10.1522450Z   cache-workspace-crates: false
2026-07-19T03:05:10.1522630Z   save-if: true
2026-07-19T03:05:10.1522800Z   cache-provider: github
2026-07-19T03:05:10.1522970Z   cache-bin: true
2026-07-19T03:05:10.1523130Z   lookup-only: false
2026-07-19T03:05:10.1523280Z   cmd-format: {0}
2026-07-19T03:05:10.1523560Z env:
2026-07-19T03:05:10.1523750Z   CARGO_HOME: /Users/runner/.cargo
2026-07-19T03:05:10.1523960Z   CARGO_INCREMENTAL: 0
2026-07-19T03:05:10.1524150Z   CARGO_TERM_COLOR: always
2026-07-19T03:05:10.1524390Z ##[endgroup]
2026-07-19T03:05:10.4612730Z (node:20546) [DEP0040] DeprecationWarning: The `punycode` module is deprecated. Please use a userland alternative instead.
2026-07-19T03:05:10.4613730Z (Use `node --trace-deprecation ...` to show where the warning was created)
2026-07-19T03:05:17.7858180Z ##[group]Cache Configuration
2026-07-19T03:05:17.7858650Z Cache Provider:
2026-07-19T03:05:17.7858860Z     github
2026-07-19T03:05:17.7859260Z Workspaces:
2026-07-19T03:05:17.7859570Z     /Users/runner/work/koudaixiangce/koudaixiangce/src-tauri
2026-07-19T03:05:17.7860010Z Cache Paths:
2026-07-19T03:05:17.7860220Z     /Users/runner/.cargo/bin
2026-07-19T03:05:17.7860530Z     /Users/runner/.cargo/.crates.toml
2026-07-19T03:05:17.7860910Z     /Users/runner/.cargo/.crates2.json
2026-07-19T03:05:17.7861190Z     /Users/runner/.cargo/registry
2026-07-19T03:05:17.7861500Z     /Users/runner/.cargo/git
2026-07-19T03:05:17.7861840Z     /Users/runner/work/koudaixiangce/koudaixiangce/src-tauri/target
2026-07-19T03:05:17.7862570Z Restore Key:
2026-07-19T03:05:17.7862850Z     v0-rust-macos-14-build-Darwin-arm64-84defa49
2026-07-19T03:05:17.7863230Z Cache Key:
2026-07-19T03:05:17.7863540Z     v0-rust-macos-14-build-Darwin-arm64-84defa49-f9785981
2026-07-19T03:05:17.7864010Z .. Prefix:
2026-07-19T03:05:17.7864210Z   - v0-rust-macos-14-build-Darwin-arm64
2026-07-19T03:05:17.7864550Z .. Environment considered:
2026-07-19T03:05:17.7864780Z   - Rust Versions:
2026-07-19T03:05:17.7865120Z     - 1.92.0 aarch64-apple-darwin ded5c06cf21d2b93bffd5d884aa6e96934ee4234
2026-07-19T03:05:17.7865550Z     - 1.97.1 aarch64-apple-darwin 8bab26f4f68e0e26f0bb7960be334d5b520ea452
2026-07-19T03:05:17.7866110Z     - 1.92.0 aarch64-apple-darwin ded5c06cf21d2b93bffd5d884aa6e96934ee4234
2026-07-19T03:05:17.7866500Z   - CARGO_HOME
2026-07-19T03:05:17.7866650Z   - CARGO_INCREMENTAL
2026-07-19T03:05:17.7866910Z   - CARGO_TERM_COLOR
2026-07-19T03:05:17.7867120Z .. Lockfiles considered:
2026-07-19T03:05:17.7867510Z   - /Users/runner/work/koudaixiangce/koudaixiangce/rust-toolchain.toml
2026-07-19T03:05:17.7867950Z   - /Users/runner/work/koudaixiangce/koudaixiangce/src-tauri/Cargo.lock
2026-07-19T03:05:17.7868420Z   - /Users/runner/work/koudaixiangce/koudaixiangce/src-tauri/Cargo.toml
2026-07-19T03:05:17.7868870Z   - /Users/runner/work/koudaixiangce/koudaixiangce/src-tauri/rust-toolchain.toml
2026-07-19T03:05:17.7869540Z ##[endgroup]
2026-07-19T03:05:17.7869650Z 
2026-07-19T03:05:17.7869780Z ... Restoring cache ...
2026-07-19T03:05:17.8745380Z No cache found.
2026-07-19T03:05:17.8974440Z Node 20 is being deprecated. This workflow is running with Node 24 by default. If you need to temporarily use Node 20, you can set the ACTIONS_ALLOW_USE_UNSECURE_NODE_VERSION=true environment variable. For more information see: https://github.blog/changelog/2025-09-19-deprecation-of-node-20-on-github-actions-runners/
2026-07-19T03:05:17.8980010Z ##[group]Run actions/setup-node@v4
2026-07-19T03:05:17.8980810Z with:
2026-07-19T03:05:17.8990000Z   node-version: 22
2026-07-19T03:05:17.8990400Z   cache: npm
2026-07-19T03:05:17.8990620Z   always-auth: false
2026-07-19T03:05:17.8990950Z   check-latest: false
2026-07-19T03:05:17.8993520Z   token: ***
2026-07-19T03:05:17.8993810Z env:
2026-07-19T03:05:17.8994020Z   CARGO_HOME: /Users/runner/.cargo
2026-07-19T03:05:17.8994410Z   CARGO_INCREMENTAL: 0
2026-07-19T03:05:17.8994680Z   CARGO_TERM_COLOR: always
2026-07-19T03:05:17.8995030Z   CACHE_ON_FAILURE: false
2026-07-19T03:05:17.8995280Z ##[endgroup]
2026-07-19T03:05:18.1954790Z (node:20571) [DEP0040] DeprecationWarning: The `punycode` module is deprecated. Please use a userland alternative instead.
2026-07-19T03:05:18.1979560Z (Use `node --trace-deprecation ...` to show where the warning was created)
2026-07-19T03:05:18.1981040Z Found in cache @ /Users/runner/hostedtoolcache/node/22.23.1/arm64
2026-07-19T03:05:18.1981760Z ##[group]Environment details
2026-07-19T03:05:19.3192760Z node: v22.23.1
2026-07-19T03:05:19.3263600Z npm: 10.9.8
2026-07-19T03:05:19.3266510Z yarn: 1.22.22
2026-07-19T03:05:19.3267650Z ##[endgroup]
2026-07-19T03:05:19.3268230Z [command]/Users/runner/hostedtoolcache/node/22.23.1/arm64/bin/npm config get cache
2026-07-19T03:05:19.5428420Z /Users/runner/.npm
2026-07-19T03:05:19.6294930Z Cache hit for: node-cache-macOS-arm64-npm-284a1955000f09e1e61963798ec512f6372aa082f89c7bb8152d85ee9fcf0977
2026-07-19T03:05:19.6362260Z (node:20571) [DEP0169] DeprecationWarning: `url.parse()` behavior is not standardized and prone to errors that have security implications. Use the WHATWG URL API instead. CVEs are not issued for `url.parse()` vulnerabilities.
2026-07-19T03:05:20.3315840Z Received 68746487 of 68746487 (100.0%), 102.1 MBs/sec
2026-07-19T03:05:20.3317720Z Cache Size: ~66 MB (68746487 B)
2026-07-19T03:05:20.3419790Z [command]/opt/homebrew/bin/gtar -xf /Users/runner/work/_temp/61edb8da-6894-494b-8e00-8f49c4a84129/cache.tzst -P -C /Users/runner/work/koudaixiangce/koudaixiangce --delay-directory-restore --use-compress-program unzstd
2026-07-19T03:05:20.8502860Z Cache restored successfully
2026-07-19T03:05:20.8521570Z Cache restored from key: node-cache-macOS-arm64-npm-284a1955000f09e1e61963798ec512f6372aa082f89c7bb8152d85ee9fcf0977
2026-07-19T03:05:20.8654540Z ##[group]Run npm install
2026-07-19T03:05:20.8654800Z [36;1mnpm install[0m
2026-07-19T03:05:20.8717450Z shell: /bin/bash -e {0}
2026-07-19T03:05:20.8717680Z env:
2026-07-19T03:05:20.8717870Z   CARGO_HOME: /Users/runner/.cargo
2026-07-19T03:05:20.8718080Z   CARGO_INCREMENTAL: 0
2026-07-19T03:05:20.8718270Z   CARGO_TERM_COLOR: always
2026-07-19T03:05:20.8718450Z   CACHE_ON_FAILURE: false
2026-07-19T03:05:20.8718640Z ##[endgroup]
2026-07-19T03:05:27.0971840Z 
2026-07-19T03:05:27.0988980Z added 401 packages, and audited 402 packages in 6s
2026-07-19T03:05:27.0989850Z 
2026-07-19T03:05:27.0990120Z 175 packages are looking for funding
2026-07-19T03:05:27.0990540Z   run `npm fund` for details
2026-07-19T03:05:27.0990740Z 
2026-07-19T03:05:27.0990960Z found 0 vulnerabilities
2026-07-19T03:05:27.1874520Z ##[group]Run platform="macos-14"
2026-07-19T03:05:27.1874950Z [36;1mplatform="macos-14"[0m
2026-07-19T03:05:27.1875260Z [36;1mif [[ "" == "android" ]]; then[0m
2026-07-19T03:05:27.1875490Z [36;1m  replacement="android"[0m
2026-07-19T03:05:27.1875700Z [36;1melse[0m
2026-07-19T03:05:27.1875940Z [36;1m  replacement="$(echo ${platform} | sed -E 's/-latest//')"[0m
2026-07-19T03:05:27.1876270Z [36;1mfi[0m
2026-07-19T03:05:27.1876760Z [36;1mpatched_platform=$(echo '[name]_v[version]_[platform]_[arch][ext]' | sed -E "s/\[platform\]/${replacement}/")[0m
2026-07-19T03:05:27.1877250Z [36;1mif [[ -n "02" ]]; then[0m
2026-07-19T03:05:27.1877600Z [36;1m  patched_platform="02_${patched_platform}"[0m
2026-07-19T03:05:27.1877900Z [36;1mfi[0m
2026-07-19T03:05:27.1878270Z [36;1mecho "platform=${patched_platform}" >> $GITHUB_OUTPUT[0m
2026-07-19T03:05:27.1938380Z shell: /bin/bash --noprofile --norc -e -o pipefail {0}
2026-07-19T03:05:27.1938710Z env:
2026-07-19T03:05:27.1948330Z   CARGO_HOME: /Users/runner/.cargo
2026-07-19T03:05:27.1948670Z   CARGO_INCREMENTAL: 0
2026-07-19T03:05:27.1948910Z   CARGO_TERM_COLOR: always
2026-07-19T03:05:27.1949220Z   CACHE_ON_FAILURE: false
2026-07-19T03:05:27.1949450Z ##[endgroup]
2026-07-19T03:05:27.2445120Z Node 20 is being deprecated. This workflow is running with Node 24 by default. If you need to temporarily use Node 20, you can set the ACTIONS_ALLOW_USE_UNSECURE_NODE_VERSION=true environment variable. For more information see: https://github.blog/changelog/2025-09-19-deprecation-of-node-20-on-github-actions-runners/
2026-07-19T03:05:27.2446990Z ##[group]Run tauri-apps/tauri-action@cf3eb9b18add8548a40584695215c80ab7274f31
2026-07-19T03:05:27.2447330Z with:
2026-07-19T03:05:27.2447520Z   args: --verbose  --target aarch64-apple-darwin
2026-07-19T03:05:27.2447850Z   assetNamePattern: 02_[name]_v[version]_macos-14_[arch][ext]
2026-07-19T03:05:27.2448180Z   releaseId: 356245330
2026-07-19T03:05:27.2448650Z   retryAttempts: 3
2026-07-19T03:05:27.2448950Z   releaseDraft: false
2026-07-19T03:05:27.2449170Z   prerelease: false
2026-07-19T03:05:27.2449360Z   projectPath: .
2026-07-19T03:05:27.2449520Z   includeDebug: false
2026-07-19T03:05:27.2449730Z   includeRelease: true
2026-07-19T03:05:27.2450020Z   includeUpdaterJson: true
2026-07-19T03:05:27.2450800Z   updaterJsonKeepUniversal: false
2026-07-19T03:05:27.2451530Z env:
2026-07-19T03:05:27.2451690Z   CARGO_HOME: /Users/runner/.cargo
2026-07-19T03:05:27.2452010Z   CARGO_INCREMENTAL: 0
2026-07-19T03:05:27.2452250Z   CARGO_TERM_COLOR: always
2026-07-19T03:05:27.2452690Z   CACHE_ON_FAILURE: false
2026-07-19T03:05:27.2455020Z   GITHUB_TOKEN: ***
2026-07-19T03:05:27.2455210Z   NO_STRIP: false
2026-07-19T03:05:27.2455370Z ##[endgroup]
2026-07-19T03:05:27.4419400Z running pnpm [ 'tauri', 'build', '--verbose', '--target', 'aarch64-apple-darwin' ]
2026-07-19T03:05:27.4763990Z Warning: Detected unsettled top-level await at file:///Users/runner/work/_actions/tauri-apps/tauri-action/cf3eb9b18add8548a40584695215c80ab7274f31/dist/index.js:42
2026-07-19T03:05:27.5117210Z /*! ws. MIT License. Einar Otto Stangvik <einaros@gmail.com> */u[a-4]=this.maskKey[0];u[a-3]=this.maskKey[1];u[a-2]=this.maskKey[2];u[a-1]=this.maskKey[3];u[1]=s;if(s===126){u.writeUInt16BE(A,2)}else if(s===127){u[2]=u[3]=0;u.writeUIntBE(A,4,6)}u[1]|=128;for(let r=0;r<A;r++){u[a+r]=this.frameData[r]^this.maskKey[r%4]}return u}}r.exports={WebsocketFrameSend:WebsocketFrameSend}},833:(r,A,s)=>{const{Writable:n}=s(2203);const a=s(1637);const{parserStates:u,opcodes:l,states:g,emptyBuffer:E}=s(7875);const{kReadyState:d,kSentClose:p,kResponse:C,kReceivedClose:B}=s(6063);const{isValidStatusCode:Q,failWebsocketConnection:I,websocketMessageReceived:m}=s(588);const{WebsocketFrameSend:y}=s(4391);const w={};w.ping=a.channel("undici:websocket:ping");w.pong=a.channel("undici:websocket:pong");class ByteParser extends n{#o=[];#i=0;#a=u.INFO;#c={};#u=[];constructor(r){super();this.ws=r}_write(r,A,s){this.#o.push(r);this.#i+=r.length;this.run(s)}run(r){while(true){if(this.#a===u.INFO){if(this.#i<2){return r()}const A=this.consume(2);this.#c.fin=(A[0]&128)!==0;this.#c.opcode=A[0]&15;this.#c.originalOpcode??=this.#c.opcode;this.#c.fragmented=!this.#c.fin&&this.#c.opcode!==l.CONTINUATION;if(this.#c.fragmented&&this.#c.opcode!==l.BINARY&&this.#c.opcode!==l.TEXT){I(this.ws,"Invalid frame type was fragmented.");return}const s=A[1]&127;if(s<=125){this.#c.payloadLength=s;this.#a=u.READ_DATA}else if(s===126){this.#a=u.PAYLOADLENGTH_16}else if(s===127){this.#a=u.PAYLOADLENGTH_64}if(this.#c.fragmented&&s>125){I(this.ws,"Fragmented frame exceeded 125 bytes.");return}else if((this.#c.opcode===l.PING||this.#c.opcode===l.PONG||this.#c.opcode===l.CLOSE)&&s>125){I(this.ws,"Payload length for control frame exceeded 125 bytes.");return}else if(this.#c.opcode===l.CLOSE){if(s===1){I(this.ws,"Received close frame with a 1-byte body.");return}const r=this.consume(s);this.#c.closeInfo=this.parseCloseBody(false,r);if(!this.ws[p]){const r=Buffer.allocUnsafe(2);r.writeUInt16BE(this.#c.closeInfo.code,0);const A=new y(r);this.ws[C].socket.write(A.createFrame(l.CLOSE),(r=>{if(!r){this.ws[p]=true}}))}this.ws[d]=g.CLOSING;this.ws[B]=true;this.end();return}else if(this.#c.opcode===l.PING){const A=this.consume(s);if(!this.ws[B]){const r=new y(A);this.ws[C].socket.write(r.createFrame(l.PONG));if(w.ping.hasSubscribers){w.ping.publish({payload:A})}}this.#a=u.INFO;if(this.#i>0){continue}else{r();return}}else if(this.#c.opcode===l.PONG){const A=this.consume(s);if(w.pong.hasSubscribers){w.pong.publish({payload:A})}if(this.#i>0){continue}else{r();return}}}else if(this.#a===u.PAYLOADLENGTH_16){if(this.#i<2){return r()}const A=this.consume(2);this.#c.payloadLength=A.readUInt16BE(0);this.#a=u.READ_DATA}else if(this.#a===u.PAYLOADLENGTH_64){if(this.#i<8){return r()}const A=this.consume(8);const s=A.readUInt32BE(0);if(s>2**31-1){I(this.ws,"Received payload length > 2^31 bytes.");return}const n=A.readUInt32BE(4);this.#c.payloadLength=(s<<8)+n;this.#a=u.READ_DATA}else if(this.#a===u.READ_DATA){if(this.#i<this.#c.payloadLength){return r()}else if(this.#i>=this.#c.payloadLength){const r=this.consume(this.#c.payloadLength);this.#u.push(r);if(!this.#c.fragmented||this.#c.fin&&this.#c.opcode===l.CONTINUATION){const r=Buffer.concat(this.#u);m(this.ws,this.#c.originalOpcode,r);this.#c={};this.#u.length=0}this.#a=u.INFO}}if(this.#i>0){continue}else{r();break}}}consume(r){if(r>this.#i){return null}else if(r===0){return E}if(this.#o[0].length===r){this.#i-=this.#o[0].length;return this.#o.shift()}const A=Buffer.allocUnsafe(r);let s=0;while(s!==r){const n=this.#o[0];const{length:a}=n;if(a+s===r){A.set(this.#o.shift(),s);break}else if(a+s>r){A.set(n.subarray(0,r-s),s);this.#o[0]=n.subarray(r-s);break}else{A.set(this.#o.shift(),s);s+=n.length}}this.#i-=r;return A}parseCloseBody(r,A){let s;if(A.length>=2){s=A.readUInt16BE(0)}if(r){if(!Q(s)){return null}return{code:s}}let n=A.subarray(2);if(n[0]===239&&n[1]===187&&n[2]===191){n=n.subarray(3)}if(s!==undefined&&!Q(s)){return null}try{n=new TextDecoder("utf-8",{fatal:true}).decode(n)}catch{return null}return{code:s,reason:n}}get closingInfo(){return this.#c.closeInfo}}r.exports={ByteParser:ByteParser}},6063:r=>{r.exports={kWebSocketURL:Symbol("url"),kReadyState:Symbol("ready state"),kController:Symbol("controller"),kResponse:Symbol("response"),kBinaryType:Symbol("binary type"),kSentClose:Symbol("sent close"),kReceivedClose:Symbol("received close"),kByteParser:Symbol("byte parser")}},588:(r,A,s)=>{const{kReadyState:n,kController:a,kResponse:u,kBinaryType:l,kWebSocketURL:g}=s(6063);const{states:E,opcodes:d}=s(7875);const{MessageEvent:p,ErrorEvent:C}=s(8659);function isEstablished(r){return r[n]===E.OPEN}function isClosing(r){return r[n]===E.CLOSING}function isClosed(r){return r[n]===E.CLOSED}function fireEvent(r,A,s=Event,n){const a=new s(r,n);A.dispatchEvent(a)}function websocketMessageReceived(r,A,s){if(r[n]!==E.OPEN){return}let a;if(A===d.TEXT){try{a=new TextDecoder("utf-8",{fatal:true}).decode(s)}catch{failWebsocketConnection(r,"Received invalid UTF-8 in text frame.");return}}else if(A===d.BINARY){if(r[l]==="blob"){a=new Blob([s])}else{a=new Uint8Array(s).buffer}}fireEvent("message",r,p,{origin:r[g].origin,data:a})}function isValidSubprotocol(r){if(r.length===0){return false}for(const A of r){const r=A.charCodeAt(0);if(r<33||r>126||A==="("||A===")"||A==="<"||A===">"||A==="@"||A===","||A===";"||A===":"||A==="\\"||A==='"'||A==="/"||A==="["||A==="]"||A==="?"||A==="="||A==="{"||A==="}"||r===32||r===9){return false}}return true}function isValidStatusCode(r){if(r>=1e3&&r<1015){return r!==1004&&r!==1005&&r!==1006}return r>=3e3&&r<=4999}function failWebsocketConnection(r,A){const{[a]:s,[u]:n}=r;s.abort();if(n?.socket&&!n.socket.destroyed){n.socket.destroy()}if(A){fireEvent("error",r,C,{error:new Error(A)})}}r.exports={isEstablished:isEstablished,isClosing:isClosing,isClosed:isClosed,fireEvent:fireEvent,isValidSubprotocol:isValidSubprotocol,isValidStatusCode:isValidStatusCode,failWebsocketConnection:failWebsocketConnection,websocketMessageReceived:websocketMessageReceived}},3853:(r,A,s)=>{const{webidl:n}=s(3476);const{DOMException:a}=s(7536);const{URLSerializer:u}=s(6960);const{getGlobalOrigin:l}=s(742);const{staticPropertyDescriptors:g,states:E,opcodes:d,emptyBuffer:p}=s(7875);const{kWebSocketURL:C,kReadyState:B,kController:Q,kBinaryType:I,kResponse:m,kSentClose:y,kByteParser:w}=s(6063);const{isEstablished:D,isClosing:b,isValidSubprotocol:R,failWebsocketConnection:S,fireEvent:k}=s(588);const{establishWebSocketConnection:F}=s(3760);const{WebsocketFrameSend:T}=s(4391);const{ByteParser:N}=s(833);const{kEnumerableProperty:v,isBlobLike:_}=s(4606);const{getGlobalDispatcher:U}=s(9456);const{types:L}=s(9023);let M=false;class WebSocket extends EventTarget{#l={open:null,error:null,close:null,message:null};#g=0;#h="";#E="";constructor(r,A=[]){super();n.argumentLengthCheck(arguments,1,{header:"WebSocket constructor"});if(!M){M=true;process.emitWarning("WebSockets are experimental, expect them to change at any time.",{code:"UNDICI-WS"})}const s=n.converters["DOMString or sequence<DOMString> or WebSocketInit"](A);r=n.converters.USVString(r);A=s.protocols;const u=l();let g;try{g=new URL(r,u)}catch(r){throw new a(r,"SyntaxError")}if(g.protocol==="http:"){g.protocol="ws:"}else if(g.protocol==="https:"){g.protocol="wss:"}if(g.protocol!=="ws:"&&g.protocol!=="wss:"){throw new a(`Expected a ws: or wss: protocol, got ${g.protocol}`,"SyntaxError")}if(g.hash||g.href.endsWith("#")){throw new a("Got fragment","SyntaxError")}if(typeof A==="string"){A=[A]}if(A.length!==new Set(A.map((r=>r.toLowerCase()))).size){throw new a("Invalid Sec-WebSocket-Protocol value","SyntaxError")}if(A.length>0&&!A.every((r=>R(r)))){throw new a("Invalid Sec-WebSocket-Protocol value","SyntaxError")}this[C]=new URL(g.href);this[Q]=F(g,A,this,(r=>this.#d(r)),s);this[B]=WebSocket.CONNECTING;this[I]="blob"}close(r=undefined,A=undefined){n.brandCheck(this,WebSocket);if(r!==undefined){r=n.converters["unsigned short"](r,{clamp:true})}if(A!==undefined){A=n.converters.USVString(A)}if(r!==undefined){if(r!==1e3&&(r<3e3||r>4999)){throw new a("invalid code","InvalidAccessError")}}let s=0;if(A!==undefined){s=Buffer.byteLength(A);if(s>123){throw new a(`Reason must be less than 123 bytes; received ${s}`,"SyntaxError")}}if(this[B]===WebSocket.CLOSING||this[B]===WebSocket.CLOSED){}else if(!D(this)){S(this,"Connection was closed before it was established.");this[B]=WebSocket.CLOSING}else if(!b(this)){const n=new T;if(r!==undefined&&A===undefined){n.frameData=Buffer.allocUnsafe(2);n.frameData.writeUInt16BE(r,0)}else if(r!==undefined&&A!==undefined){n.frameData=Buffer.allocUnsafe(2+s);n.frameData.writeUInt16BE(r,0);n.frameData.write(A,2,"utf-8")}else{n.frameData=p}const a=this[m].socket;a.write(n.createFrame(d.CLOSE),(r=>{if(!r){this[y]=true}}));this[B]=E.CLOSING}else{this[B]=WebSocket.CLOSING}}send(r){n.brandCheck(this,WebSocket);n.argumentLengthCheck(arguments,1,{header:"WebSocket.send"});r=n.converters.WebSocketSendData(r);if(this[B]===WebSocket.CONNECTING){throw new a("Sent before connected.","InvalidStateError")}if(!D(this)||b(this)){return}const A=this[m].socket;if(typeof r==="string"){const s=Buffer.from(r);const n=new T(s);const a=n.createFrame(d.TEXT);this.#g+=s.byteLength;A.write(a,(()=>{this.#g-=s.byteLength}))}else if(L.isArrayBuffer(r)){const s=Buffer.from(r);const n=new T(s);const a=n.createFrame(d.BINARY);this.#g+=s.byteLength;A.write(a,(()=>{this.#g-=s.byteLength}))}else if(ArrayBuffer.isView(r)){const s=Buffer.from(r,r.byteOffset,r.byteLength);const n=new T(s);const a=n.createFrame(d.BINARY);this.#g+=s.byteLength;A.write(a,(()=>{this.#g-=s.byteLength}))}else if(_(r)){const s=new T;r.arrayBuffer().then((r=>{const n=Buffer.from(r);s.frameData=n;const a=s.createFrame(d.BINARY);this.#g+=n.byteLength;A.write(a,(()=>{this.#g-=n.byteLength}))}))}}get readyState(){n.brandCheck(this,WebSocket);return this[B]}get bufferedAmount(){n.brandCheck(this,WebSocket);return this.#g}get url(){n.brandCheck(this,WebSocket);return u(this[C])}get extensions(){n.brandCheck(this,WebSocket);return this.#E}get protocol(){n.brandCheck(this,WebSocket);return this.#h}get onopen(){n.brandCheck(this,WebSocket);return this.#l.open}set onopen(r){n.brandCheck(this,WebSocket);if(this.#l.open){this.removeEventListener("open",this.#l.open)}if(typeof r==="function"){this.#l.open=r;this.addEventListener("open",r)}else{this.#l.open=null}}get onerror(){n.brandCheck(this,WebSocket);return this.#l.error}set onerror(r){n.brandCheck(this,WebSocket);if(this.#l.error){this.removeEventListener("error",this.#l.error)}if(typeof r==="function"){this.#l.error=r;this.addEventListener("error",r)}else{this.#l.error=null}}get onclose(){n.brandCheck(this,WebSocket);return this.#l.close}set onclose(r){n.brandCheck(this,WebSocket);if(this.#l.close){this.removeEventListener("close",this.#l.close)}if(typeof r==="function"){this.#l.close=r;this.addEventListener("close",r)}else{this.#l.close=null}}get onmessage(){n.brandCheck(this,WebSocket);return this.#l.message}set onmessage(r){n.brandCheck(this,WebSocket);if(this.#l.message){this.removeEventListener("message",this.#l.message)}if(typeof r==="function"){this.#l.message=r;this.addEventListener("message",r)}else{this.#l.message=null}}get binaryType(){n.brandCheck(this,WebSocket);return this[I]}set binaryType(r){n.brandCheck(this,WebSocket);if(r!=="blob"&&r!=="arraybuffer"){this[I]="blob"}else{this[I]=r}}#d(r){this[m]=r;const A=new N(this);A.on("drain",(function onParserDrain(){this.ws[m].socket.resume()}));r.socket.ws=this;this[w]=A;this[B]=E.OPEN;const s=r.headersList.get("sec-websocket-extensions");if(s!==null){this.#E=s}const n=r.headersList.get("sec-websocket-protocol");if(n!==null){this.#h=n}k("open",this)}}WebSocket.CONNECTING=WebSocket.prototype.CONNECTING=E.CONNECTING;WebSocket.OPEN=WebSocket.prototype.OPEN=E.OPEN;WebSocket.CLOSING=WebSocket.prototype.CLOSING=E.CLOSING;WebSocket.CLOSED=WebSocket.prototype.CLOSED=E.CLOSED;Object.defineProperties(WebSocket.prototype,{CONNECTING:g,OPEN:g,CLOSING:g,CLOSED:g,url:v,readyState:v,bufferedAmount:v,onopen:v,onerror:v,onclose:v,close:v,onmessage:v,binaryType:v,send:v,extensions:v,protocol:v,[Symbol.toStringTag]:{value:"WebSocket",writable:false,enumerable:false,configurable:true}});Object.defineProperties(WebSocket,{CONNECTING:g,OPEN:g,CLOSING:g,CLOSED:g});n.converters["sequence<DOMString>"]=n.sequenceConverter(n.converters.DOMString);n.converters["DOMString or sequence<DOMString>"]=function(r){if(n.util.Type(r)==="Object"&&Symbol.iterator in r){return n.converters["sequence<DOMString>"](r)}return n.converters.DOMString(r)};n.converters.WebSocketInit=n.dictionaryConverter([{key:"protocols",converter:n.converters["DOMString or sequence<DOMString>"],get defaultValue(){return[]}},{key:"dispatcher",converter:r=>r,get defaultValue(){return U()}},{key:"headers",converter:n.nullableConverter(n.converters.HeadersInit)}]);n.converters["DOMString or sequence<DOMString> or WebSocketInit"]=function(r){if(n.util.Type(r)==="Object"&&!(Symbol.iterator in r)){return n.converters.WebSocketInit(r)}return{protocols:n.converters["DOMString or sequence<DOMString>"](r)}};n.converters.WebSocketSendData=function(r){if(n.util.Type(r)==="Object"){if(_(r)){return n.converters.Blob(r,{strict:false})}if(ArrayBuffer.isView(r)||L.isAnyArrayBuffer(r)){return n.converters.BufferSource(r)}}return n.converters.USVString(r)};r.exports={WebSocket:WebSocket}},9279:(r,A)=>{Object.defineProperty(A,"__esModule",{value:true});function getUserAgent(){if(typeof navigator==="object"&&"userAgent"in navigator){return navigator.userAgent}if(typeof process==="object"&&process.version!==undefined){return`Node.js/${process.version.substr(1)} (${process.platform}; ${process.arch})`}return"<environment undetectable>"}A.getUserAgent=getUserAgent},7133:(r,A,s)=>{const n=process.platform==="win32"||process.env.OSTYPE==="cygwin"||process.env.OSTYPE==="msys";const a=s(6928);const u=n?";":":";const l=s(9964);const getNotFoundError=r=>Object.assign(new Error(`not found: ${r}`),{code:"ENOENT"});const getPathInfo=(r,A)=>{const s=A.colon||u;const a=r.match(/\//)||n&&r.match(/\\/)?[""]:[...n?[process.cwd()]:[],...(A.path||process.env.PATH||"").split(s)];const l=n?A.pathExt||process.env.PATHEXT||".EXE;.CMD;.BAT;.COM":"";const g=n?l.split(s):[""];if(n){if(r.indexOf(".")!==-1&&g[0]!=="")g.unshift("")}return{pathEnv:a,pathExt:g,pathExtExe:l}};const which=(r,A,s)=>{if(typeof A==="function"){s=A;A={}}if(!A)A={};const{pathEnv:n,pathExt:u,pathExtExe:g}=getPathInfo(r,A);const E=[];const step=s=>new Promise(((u,l)=>{if(s===n.length)return A.all&&E.length?u(E):l(getNotFoundError(r));const g=n[s];const d=/^".*"$/.test(g)?g.slice(1,-1):g;const p=a.join(d,r);const C=!d&&/^\.[\\\/]/.test(r)?r.slice(0,2)+p:p;u(subStep(C,s,0))}));const subStep=(r,s,n)=>new Promise(((a,d)=>{if(n===u.length)return a(step(s+1));const p=u[n];l(r+p,{pathExt:g},((u,l)=>{if(!u&&l){if(A.all)E.push(r+p);else return a(r+p)}return a(subStep(r,s,n+1))}))}));return s?step(0).then((r=>s(null,r)),s):step(0)};const whichSync=(r,A)=>{A=A||{};const{pathEnv:s,pathExt:n,pathExtExe:u}=getPathInfo(r,A);const g=[];for(let E=0;E<s.length;E++){const d=s[E];const p=/^".*"$/.test(d)?d.slice(1,-1):d;const C=a.join(p,r);const B=!p&&/^\.[\\\/]/.test(r)?r.slice(0,2)+C:C;for(let r=0;r<n.length;r++){const s=B+n[r];try{const r=l.sync(s,{pathExt:u});if(r){if(A.all)g.push(s);else return s}}catch(r){}}}if(A.all&&g.length)return g;if(A.nothrow)return null;throw getNotFoundError(r)};r.exports=which;which.sync=whichSync},8092:r=>{r.exports=wrappy;function wrappy(r,A){if(r&&A)return wrappy(r)(A);if(typeof r!=="function")throw new TypeError("need wrapper function");Object.keys(r).forEach((function(A){wrapper[A]=r[A]}));return wrapper;function wrapper(){var A=new Array(arguments.length);for(var s=0;s<A.length;s++){A[s]=arguments[s]}var n=r.apply(this,A);var a=A[A.length-1];if(typeof n==="function"&&n!==a){Object.keys(a).forEach((function(r){n[r]=a[r]}))}return n}}},4953:(r,A,s)=>{s.d(A,{a:()=>buildProject});var n=s(3024);var a=s(6760);var u=s(3167);var l=s(4553);async function initProject(r,A,s){await A.execTauriCommand(["init"],["--ci"],r);const n=(0,l.Z0)(r);if(n===null){console.error("Failed to resolve Tauri path");process.exit(1)}const g=u.K.fromBaseConfig(n);g.version=s.appVersion??undefined;g.productName=s.appName??undefined;if(s.bundleIdentifier){g.identifier=s.bundleIdentifier??undefined}if(s.distPath){g.frontendDist=s.distPath??undefined}g.beforeBuildCommand="";console.log(`Updating tauri.conf.json file according to these configurations: ${JSON.stringify(g)}`);g.updateConfigFile(n);if(s.iconPath){await A.execTauriCommand(["icon",(0,a.join)(r,s.iconPath)],[],r)}}class Runner{constructor(r,A){this.bin=r;this.tauriScript=A||[]}async execTauriCommand(r,A,s,n,a=0){const u=[];if(this.bin==="npm"&&this.tauriScript[0]!=="run"){u.push("run")}u.push(...this.tauriScript);u.push(...r);if(this.bin==="npm"&&A.length){u.push("--")}u.push(...A);return(0,l.L5)((()=>(0,l.NK)(this.bin,u,{cwd:s},n)),a+1)}}async function getRunner(r,A){if(A){const[r,...s]=A.split(" ");return new Runner(r,s)}if((0,l.ws)("@tauri-apps/cli",r)){if((0,l.z8)(r))return new Runner("yarn",["tauri"]);if((0,l.me)(r))return new Runner("pnpm",["tauri"]);if((0,l.Ui)(r))return new Runner("bun",["tauri"]);return new Runner("npm",["run","tauri"])}let s="v1";try{const A=(0,l.Z0)(r);if(A){const r=u.K.fromBaseConfig(A);if(r&&r.isV2()){s="v2"}}}catch{}await(0,l.NK)("npm",["install","-g",`@tauri-apps/cli@${s}`],{cwd:undefined});return new Runner("tauri")}async function buildProject(r,A,s,u,g){const E=await getRunner(r,s.tauriScript);const d=A?["--debug",...s.args??[]]:s.args??[];const p=[...d].findIndex((r=>r==="-t"||r==="--target"));const C=p>=0?[...d][p+1]:undefined;const B=[...d].findIndex((r=>r==="-c"||r==="--config"));const Q=B>=0?[...d][B+1]:undefined;const I=[...d].findIndex((r=>r==="--profile"));const m=I>=0?[...d][I+1]:undefined;const y=(0,l.sg)(C);if(!(0,l.Z0)(r)){await initProject(r,E,u)}const w=(0,l.Vp)(r,y,Q);if(!w.tauriPath){throw Error("Couldn't detect path of tauri app")}const D={tauriPath:w.tauriPath,runner:E,name:w.name,version:w.version,wixLanguage:w.wixLanguage,wixAppVersion:w.wixAppVersion,rpmRelease:w.rpmRelease};await E.execTauriCommand(["build"],[...d],r,y.platform==="macos"?{TAURI_BUNDLER_DMG_IGNORE_CI:process.env.TAURI_BUNDLER_DMG_IGNORE_CI??"true"}:undefined,g);const b=D.name.replace(/([a-z0-9])([A-Z])/g,"$1-$2").replace(/([A-Z])([A-Z])(?=[a-z])/g,"$1-$2").replace(/[ _.]/g,"-").replace(/[()[\]{}]/g,"").toLowerCase();const R=(0,l.Lw)(D.tauriPath)??D.tauriPath;const S=(0,a.join)((0,l.d)(R,w.tauriPath,!!C),C??"",m?m:A?"debug":"release");let k=[];let F=y.arch;if(y.platform==="macos"){if(F==="x86_64"){F="x64"}else if(F==="arm64"){F="aarch64"}k=[(0,l.Dg)({path:(0,a.join)(S,`bundle/dmg/${D.name}_${D.version}_${F}.dmg`),name:D.name,debug:A,platform:y.platform,arch:F,version:D.version}),(0,l.Dg)({path:(0,a.join)(S,`bundle/macos/${D.name}.app`),name:D.name,debug:A,platform:y.platform,arch:F,version:D.version}),(0,l.Dg)({path:(0,a.join)(S,`bundle/macos/${D.name}.app.tar.gz`),name:D.name,debug:A,platform:y.platform,arch:F,version:D.version}),(0,l.Dg)({path:(0,a.join)(S,`bundle/macos/${D.name}.app.tar.gz.sig`),name:D.name,debug:A,platform:y.platform,arch:F,version:D.version})]}else if(y.platform==="windows"){if(F.startsWith("i")){F="x86"}else if(F==="aarch64"){F="arm64"}else{F="x64"}let r;if(typeof D.wixLanguage==="string"){r=[D.wixLanguage]}else if(Array.isArray(D.wixLanguage)){r=D.wixLanguage}else{r=Object.keys(D.wixLanguage)}const s=[];if(D.version!=D.wixAppVersion){r.forEach((r=>{s.push((0,l.Dg)({path:(0,a.join)(S,`bundle/msi/${D.name}_${D.wixAppVersion}_${F}_${r}.msi`),name:D.name,debug:A,platform:y.platform,arch:F,version:D.version}),(0,l.Dg)({path:(0,a.join)(S,`bundle/msi/${D.name}_${D.wixAppVersion}_${F}_${r}.msi.sig`),name:D.name,debug:A,platform:y.platform,arch:F,version:D.version}),(0,l.Dg)({path:(0,a.join)(S,`bundle/msi/${D.name}_${D.wixAppVersion}_${F}_${r}.msi.zip`),name:D.name,debug:A,platform:y.platform,arch:F,version:D.version}),(0,l.Dg)({path:(0,a.join)(S,`bundle/msi/${D.name}_${D.wixAppVersion}_${F}_${r}.msi.zip.sig`),name:D.name,debug:A,platform:y.platform,arch:F,version:D.version}))}))}r.forEach((r=>{s.push((0,l.Dg)({path:(0,a.join)(S,`bundle/msi/${D.name}_${D.version}_${F}_${r}.msi`),name:D.name,debug:A,platform:y.platform,arch:F,version:D.version}),(0,l.Dg)({path:(0,a.join)(S,`bundle/msi/${D.name}_${D.version}_${F}_${r}.msi.sig`),name:D.name,debug:A,platform:y.platform,arch:F,version:D.version}),(0,l.Dg)({path:(0,a.join)(S,`bundle/msi/${D.name}_${D.version}_${F}_${r}.msi.zip`),name:D.name,debug:A,platform:y.platform,arch:F,version:D.version}),(0,l.Dg)({path:(0,a.join)(S,`bundle/msi/${D.name}_${D.version}_${F}_${r}.msi.zip.sig`),name:D.name,debug:A,platform:y.platform,arch:F,version:D.version}))}));s.push((0,l.Dg)({path:(0,a.join)(S,`bundle/nsis/${D.name}_${D.version}_${F}-setup.exe`),name:D.name,debug:A,platform:y.platform,arch:F,version:D.version}),(0,l.Dg)({path:(0,a.join)(S,`bundle/nsis/${D.name}_${D.version}_${F}-setup.exe.sig`),name:D.name,debug:A,platform:y.platform,arch:F,version:D.version}),(0,l.Dg)({path:(0,a.join)(S,`bundle/nsis/${D.name}_${D.version}_${F}-setup.nsis.zip`),name:D.name,debug:A,platform:y.platform,arch:F,version:D.version}),(0,l.Dg)({path:(0,a.join)(S,`bundle/nsis/${D.name}_${D.version}_${F}-setup.nsis.zip.sig`),name:D.name,debug:A,platform:y.platform,arch:F,version:D.version}));k=s}else{const r=F==="x64"||F==="x86_64"?"amd64":F==="x32"||F==="i686"?"i386":F==="arm"?"armhf":F==="aarch64"?"arm64":F;const s=F==="x64"||F==="x86_64"?"x86_64":F==="x32"||F==="x86"||F==="i686"?"i386":F==="arm"?"armhfp":F==="arm64"?"aarch64":F;const n=F==="x64"||F==="x86_64"?"amd64":F==="x32"||F==="i686"?"i386":F==="arm"?"arm":F==="arm64"?"aarch64":F;k=[(0,l.Dg)({path:(0,a.join)(S,`bundle/deb/${D.name}_${D.version}_${r}.deb`),name:D.name,debug:A,platform:y.platform,arch:r,version:D.version}),(0,l.Dg)({path:(0,a.join)(S,`bundle/rpm/${D.name}-${D.version}-${D.rpmRelease}.${s}.rpm`),name:D.name,debug:A,platform:y.platform,arch:s,version:D.version}),(0,l.Dg)({path:(0,a.join)(S,`bundle/appimage/${D.name}_${D.version}_${n}.AppImage`),name:D.name,debug:A,platform:y.platform,arch:n,version:D.version}),(0,l.Dg)({path:(0,a.join)(S,`bundle/appimage/${D.name}_${D.version}_${n}.AppImage.sig`),name:D.name,debug:A,platform:y.platform,arch:n,version:D.version}),(0,l.Dg)({path:(0,a.join)(S,`bundle/appimage/${D.name}_${D.version}_${n}.AppImage.tar.gz`),name:D.name,debug:A,platform:y.platform,arch:n,version:D.version}),(0,l.Dg)({path:(0,a.join)(S,`bundle/appimage/${D.name}_${D.version}_${n}.AppImage.tar.gz.sig`),name:D.name,debug:A,platform:y.platform,arch:n,version:D.version})];if(D.name!=b){k.push((0,l.Dg)({path:(0,a.join)(S,`bundle/deb/${b}_${D.version}_${r}.deb`),name:b,debug:A,platform:y.platform,arch:r,version:D.version}),(0,l.Dg)({path:(0,a.join)(S,`bundle/rpm/${b}-${D.version}-${D.rpmRelease}.${s}.rpm`),name:b,debug:A,platform:y.platform,arch:s,version:D.version}),(0,l.Dg)({path:(0,a.join)(S,`bundle/appimage/${b}_${D.version}_${n}.AppImage`),name:b,debug:A,platform:y.platform,arch:n,version:D.version}),(0,l.Dg)({path:(0,a.join)(S,`bundle/appimage/${b}_${D.version}_${n}.AppImage.sig`),name:b,debug:A,platform:y.platform,arch:n,version:D.version}),(0,l.Dg)({path:(0,a.join)(S,`bundle/appimage/${b}_${D.version}_${n}.AppImage.tar.gz`),name:b,debug:A,platform:y.platform,arch:n,version:D.version}),(0,l.Dg)({path:(0,a.join)(S,`bundle/appimage/${b}_${D.version}_${n}.AppImage.tar.gz.sig`),name:b,debug:A,platform:y.platform,arch:n,version:D.version}))}}console.log(`Looking for artifacts in:\n${k.map((r=>r.path)).join("\n")}`);return k.filter((r=>(0,n.existsSync)(r.path)))}},3167:(r,A,s)=>{s.d(A,{K:()=>TauriConfig});var n=s(9896);var a=s.n(n);var u=s(6928);var l=s.n(u);var g=s(2811);var E=s(823);var d=s.n(E);function _tryParseJsonConfig(r){try{const A=JSON.parse(r);return A}catch(r){const A=r.message;console.error(`Couldn't parse --config flag as inline JSON. This is not an error if it's a file path. Source: "${A}"`);return null}}function _tryParseJson5Config(r){try{const A=d().parse(r);return A}catch(r){const A=r.message;console.error(`Couldn't parse --config flag as inline JSON. This is not an error if it's a file path. Source: "${A}"`);return null}}function _tryParseTomlConfig(r){try{const A=(0,g.parse)(r);return A}catch(r){const A=r.message;console.error(`Couldn't parse --config flag as inline JSON. This is not an error if it's a file path. Source: "${A}"`);return null}}function readPlatformConfig(r,A){let s=(0,u.join)(r,`tauri.${A}.conf.json`);if((0,n.existsSync)(s)){const r=(0,n.readFileSync)(s).toString();const A=_tryParseJsonConfig(r);if(A)return A}s=(0,u.join)(r,`tauri.${A}.conf.json5`);if((0,n.existsSync)(s)){const r=(0,n.readFileSync)(s).toString();const A=_tryParseJson5Config(r);if(A)return A}s=(0,u.join)(r,`Tauri.${A}.toml`);if((0,n.existsSync)(s)){const r=(0,n.readFileSync)(s).toString();const A=_tryParseTomlConfig(r);if(A)return A}return null}function readCustomConfig(r){if(!(0,n.existsSync)(r)){throw new Error(`Provided config path \`${r}\` does not exist.`)}const A=(0,n.readFileSync)(r).toString();const s=l().extname(r);if(s===".json"){const r=_tryParseJsonConfig(A);if(r)return r}if(s===".json5"){const r=_tryParseJson5Config(A);if(r)return r}if(s===".toml"){const r=_tryParseTomlConfig(A);if(r)return r}throw new Error(`Couldn't parse \`${r}\` as ${s.substring(1)}.`)}class TauriConfig{constructor(r,A=false){this.identifier=r;this._isV2=A}isV2(){return this._isV2}static fromBaseConfig(r){if((0,n.existsSync)((0,u.join)(r,"tauri.conf.json"))){const A=(0,n.readFileSync)((0,u.join)(r,"tauri.conf.json")).toString();const s=_tryParseJsonConfig(A);if(s){if("identifier"in s){return this.fromV2Base(s)}else{return this.fromV1Base(s)}}console.error("Found tauri.conf.json file but couldn't parse it as JSON.")}if((0,n.existsSync)((0,u.join)(r,"tauri.conf.json5"))){const A=(0,n.readFileSync)((0,u.join)(r,"tauri.conf.json5")).toString();const s=_tryParseJson5Config(A);if(s){if("identifier"in s){return this.fromV2Base(s)}else{return this.fromV1Base(s)}}console.error("Found tauri.conf.json5 file but couldn't parse it as JSON5.")}if((0,n.existsSync)((0,u.join)(r,"Tauri.toml"))){const A=(0,n.readFileSync)((0,u.join)(r,"Tauri.toml")).toString();const s=_tryParseTomlConfig(A);if(s){if("identifier"in s){return this.fromV2Base(s)}else{return this.fromV1Base(s)}}console.error("Found Tauri.toml file but couldn't parse it as TOML.")}throw new Error("Couldn't locate or parse tauri config.")}static fromV1Base(r){if(!r.tauri?.bundle?.identifier){throw Error("base config has no bundle identifier.")}const A=new TauriConfig(r.tauri?.bundle?.identifier,false);A.productName=r.package?.productName;A.version=r.package?.version;A.frontendDist=r.build?.distDir;A.beforeBuildCommand=r.build?.beforeBuildCommand;A.rpmRelease=r.tauri.bundle.rpm?.release;A.wixLanguage=r.tauri.bundle.windows?.wix?.language;return A}static fromV2Base(r){if(!r.identifier){throw Error("base config has no bundle identifier.")}const A=new TauriConfig(r.identifier,true);A.productName=r.productName;A.version=r.version;A.frontendDist=r.build?.frontendDist;A.beforeBuildCommand=r.build?.beforeBuildCommand;A.rpmRelease=r.bundle?.linux?.rpm?.release;A.wixLanguage=r.bundle?.windows?.wix?.language;A.unzippedSigs=r.bundle?.createUpdaterArtifacts===true;return A}mergeConfig(r){if(this._isV2){const A=r;this.identifier=A.identifier??this.identifier;this.productName=A.productName??this.productName;this.version=A.version??this.version;this.frontendDist=A.build?.frontendDist??this.frontendDist;this.beforeBuildCommand=A.build?.beforeBuildCommand??this.beforeBuildCommand;this.rpmRelease=A.bundle?.linux?.rpm?.release??this.rpmRelease;this.wixLanguage=A.bundle?.windows?.wix?.language??this.wixLanguage;this.unzippedSigs=A.bundle?.createUpdaterArtifacts!=null?A.bundle?.createUpdaterArtifacts===true:this.unzippedSigs}else{const A=r;this.identifier=A.tauri?.bundle?.identifier??this.identifier;this.productName=A.package?.productName??this.productName;this.version=A.package?.version??this.version;this.frontendDist=A.build?.distDir??this.frontendDist;this.beforeBuildCommand=A.build?.beforeBuildCommand??this.beforeBuildCommand;this.rpmRelease=A.tauri?.bundle?.rpm?.release??this.rpmRelease;this.wixLanguage=A.tauri?.bundle?.windows?.wix?.language??this.wixLanguage}}mergePlatformConfig(r,A){const s=readPlatformConfig(r,A);if(s){this.mergeConfig(s)}}mergeUserConfig(r,A){let s=_tryParseJsonConfig(A);if(!s){const n=l().isAbsolute(A)?A:l().join(r,A);s=readCustomConfig(n)}if(s){this.mergeConfig(s)}else{console.error(`Couldn't read --config: ${A}`)}}updateConfigFile(r){const A=(0,u.join)(r,"tauri.conf.json");const s=(0,n.readFileSync)(A).toString();const a=_tryParseJsonConfig(s);if(!a){throw new Error("Couldn't parse tauri.conf.json")}if(this._isV2){const r=a;r.identifier=this.identifier;r.productName=this.productName;r.version=this.version;r.build.beforeBuildCommand=this.beforeBuildCommand;r.build.frontendDist=this.frontendDist;(0,n.writeFileSync)(A,JSON.stringify(r,null,2))}else{const r=a;r.build.beforeBuildCommand=this.beforeBuildCommand;r.build.distDir=this.frontendDist;r.package.productName=this.productName;r.package.version=this.version;r.tauri.bundle.identifier=this.identifier;(0,n.writeFileSync)(A,JSON.stringify(r,null,2))}}}},9729:(r,A,s)=>{s.d(A,{l:()=>getOrCreateRelease});var n=s(3024);var a=s.n(n);var u=s(9999);var l=s.n(u);var g=s(5380);var E=s.n(g);function allReleases(r,A,s){const n={per_page:100,owner:A,repo:s};return r.paginate.iterator(r.rest.repos.listReleases.endpoint.merge(n))}async function getOrCreateRelease(r,A,s,n,l,E,d=true,p=true){if(process.env.GITHUB_TOKEN===undefined){throw new Error("GITHUB_TOKEN is required")}const C=(0,g.getOctokit)(process.env.GITHUB_TOKEN);const B=u.getInput("body_path",{required:false});let Q=null;if(B!==""&&!!B){try{Q=a().readFileSync(B,{encoding:"utf8"})}catch(r){u.setFailed(r.message)}}let I=null;try{if(d){console.log(`Looking for a draft release with tag ${s}...`);for await(const n of allReleases(C,r,A)){const r=n.data.find((r=>r.tag_name===s));if(r){I=r;console.log(`Found draft release with tag ${s} on the release list.`);break}}if(!I){throw new Error("release not found")}}else{const n=await C.rest.repos.getReleaseByTag({owner:r,repo:A,tag:s});I=n.data;console.log(`Found release with tag ${s}.`)}}catch(a){if(a.status===404||a.message==="release not found"){console.log(`Couldn't find release with tag ${s}. Creating one.`);if(!n){console.error('"releaseName" not set but required to create release.')}else{const a=await C.rest.repos.createRelease({owner:r,repo:A,tag_name:s,name:n,body:Q||l,draft:d,prerelease:p,target_commitish:E||g.context.sha});I=a.data}}else{console.log(`⚠️ Unexpected error fetching GitHub release for tag ${s}: ${a}`);throw a}}if(!I){throw new Error("Release not found or created.")}return{id:I.id,uploadUrl:I.upload_url,htmlUrl:I.html_url}}},6677:(r,A,s)=>{s.a(r,(async(r,A)=>{try{var n=s(3024);var a=s.n(n);var u=s(6760);var l=s.n(u);var g=s(9999);var E=s.n(g);var d=s(5380);var p=s.n(d);var C=s(1512);var B=s(9729);var Q=s(9444);var I=s(8844);var m=s(4953);var y=s(4553);async function run(){try{const r=(0,u.resolve)(process.cwd(),g.getInput("projectPath")||process.argv[2]);const A=g.getInput("distPath");const s=g.getInput("iconPath");const a=g.getInput("appName");const l=g.getInput("appVersion");const E=g.getBooleanInput("includeRelease");const p=g.getBooleanInput("includeDebug");const w=g.getBooleanInput("includeUpdaterJson");const D=g.getBooleanInput("updaterJsonKeepUniversal");const b=parseInt(g.getInput("retryAttempts")||"0",10);const R=g.getInput("tauriScript");const S=(0,C.A)(g.getInput("args"));const k=g.getInput("bundleIdentifier");const F=g.getInput("assetNamePattern");let T=g.getInput("tagName").replace("refs/tags/","");let N=Number(g.getInput("releaseId"));let v=g.getInput("releaseName").replace("refs/tags/","");let _=g.getInput("releaseBody");const U=g.getInput("owner")||d.context.repo.owner;const L=g.getInput("repo")||d.context.repo.repo;const M=g.getBooleanInput("releaseDraft");const P=g.getBooleanInput("prerelease");const x=g.getInput("releaseCommitish")||null;const G=g.getInput("updaterJsonPreferNsis")?.toLowerCase()==="true";const O={tauriScript:R,args:S};const H={distPath:A,iconPath:s,bundleIdentifier:k,appName:a,appVersion:l};const Y=[...S].findIndex((r=>r==="-t"||r==="--target"));const J=Y>=0?[...S][Y+1]:undefined;const V=[...S].findIndex((r=>r==="-c"||r==="--config"));const W=V>=0?[...S][V+1]:undefined;const q=[];const j=[];if(E){q.push(...await(0,m.a)(r,false,O,H,b))}if(p){j.push(...await(0,m.a)(r,true,O,H,b))}const $=q.concat(j);if($.length===0){if(N||T){throw new Error("No artifacts were found.")}else{console.log("No artifacts were found. The action was not configured to upload artifacts, therefore this is not handled as an error.");return}}console.log(`Found artifacts:\n${$.map((r=>r.path)).join("\n")}`);g.setOutput("artifactPaths",JSON.stringify($.map((r=>r.path))));const K=(0,y.sg)(J);const z=(0,y.Vp)(r,K,W);g.setOutput("appVersion",z.version);if(K.platform==="macos"){let r=0;for(const A of $){if(A.path.endsWith(".app")&&!(0,n.existsSync)(`${A.path}.tar.gz`)){console.log(`Packaging ${A.path} directory into ${A.path}.tar.gz`);await(0,y.NK)("tar",["czf",`${A.path}.tar.gz`,"-C",(0,u.dirname)(A.path),(0,u.basename)(A.path)]);A.path+=".tar.gz";A.ext+=".tar.gz"}else if(A.path.endsWith(".app")){$.splice(r,1)}r++}}if(T&&!N){const r=[{key:"__VERSION__",value:z.version}];r.forEach((r=>{const A=new RegExp(r.key,"g");T=T.replace(A,r.value);v=v.replace(A,r.value);_=_.replace(A,r.value)}));const A=await(0,B.l)(U,L,T,v||undefined,_,x||undefined,M,P);N=A.id;g.setOutput("releaseUploadUrl",A.uploadUrl);g.setOutput("releaseId",A.id.toString());g.setOutput("releaseHtmlUrl",A.htmlUrl)}if(N){await(0,Q.r)(U,L,N,$,b,F);if(w){await(0,I.Y)(U,L,z.version,_,T,N,q.length!==0?q:j,K,z.unzippedSigs,G,D,b,F)}}else{console.log("No releaseId or tagName provided, skipping all uploads...")}}catch(r){g.setFailed(r.message)}}await run();A()}catch(w){A(w)}}),1)},9444:(r,A,s)=>{s.d(A,{r:()=>uploadAssets});var n=s(3024);var a=s.n(n);var u=s(5380);var l=s.n(u);var g=s(4553);async function uploadAssets(r,A,s,n,l,E){if(process.env.GITHUB_TOKEN===undefined){throw new Error("GITHUB_TOKEN is required")}const d=(0,u.getOctokit)(process.env.GITHUB_TOKEN);const p=(await d.rest.repos.listReleaseAssets({owner:r,repo:A,release_id:s,per_page:100})).data;const contentLength=r=>a().statSync(r).size;for(const u of n){const n={"content-type":"application/zip","content-length":contentLength(u.path)};const C=u.name==="latest.json"?"latest.json":(0,g.wm)(u,E);const B=p.find((r=>r.name===C.trim().replace(/[ ()[\]{}]/g,".").replace(/\.\./g,".").normalize("NFD").replace(/[\u0300-\u036f]/g,"")));if(B){console.log(`Deleting existing ${C}...`);await d.rest.repos.deleteReleaseAsset({owner:r,repo:A,asset_id:B.id})}console.log(`Uploading ${C}...`);await(0,g.L5)((()=>d.rest.repos.uploadReleaseAsset({headers:n,name:C,data:a().createReadStream(u.path),owner:r,repo:A,release_id:s})),l+1)}}},8844:(r,A,s)=>{s.d(A,{Y:()=>uploadVersionJSON});var n=s(3024);var a=s.n(n);var u=s(6760);var l=s.n(u);var g=s(5380);var E=s.n(g);var d=s(9444);var p=s(4553);async function uploadVersionJSON(r,A,s,a,l,E,C,B,Q,I,m,y,w){if(process.env.GITHUB_TOKEN===undefined){throw new Error("GITHUB_TOKEN is required")}const D=(0,g.getOctokit)(process.env.GITHUB_TOKEN);const b="latest.json";const R=(0,u.resolve)(process.cwd(),b);const S={version:s,notes:a,pub_date:(new Date).toISOString(),platforms:{}};const k=await D.rest.repos.listReleaseAssets({owner:r,repo:A,release_id:E,per_page:50});const F=k.data.find((r=>r.name===b));if(F){const s=(await D.request("GET /repos/{owner}/{repo}/releases/assets/{asset_id}",{owner:r,repo:A,asset_id:F.id,headers:{accept:"application/octet-stream"}})).data;S.platforms=JSON.parse(Buffer.from(s).toString()).platforms}const T=new Map;for(const r of k.data){T.set(r.name,r.browser_download_url)}const N=[];for(const r of C){const A=(0,p.wm)(r,w).trim().replace(/[ ()[\]{}]/g,".").replace(/\.\./g,".").normalize("NFD").replace(/[\u0300-\u036f]/g,"");const s=T.get(A);if(s){N.push({downloadUrl:s,assetName:A,path:r.path,arch:r.arch})}}const v=N.filter((r=>r.assetName.endsWith(".sig")));function signaturePriority(r){const A=I?Q?[".exe.sig",".msi.sig"]:[".nsis.zip.sig",".msi.zip.sig"]:Q?[".msi.sig",".exe.sig"]:[".msi.zip.sig",".nsis.zip.sig"];for(const[s,n]of A.entries()){if(r.endsWith(n)){return 100-s}}return 0}v.sort(((r,A)=>signaturePriority(A.path)-signaturePriority(r.path)));const _=v[0];if(!_){console.warn("Signature not found for the updater JSON. Skipping upload...");return}const U=(0,u.basename)(_.assetName,(0,u.extname)(_.assetName));let L=N.find((r=>r.assetName==U))?.downloadUrl;if(!L){console.warn("Asset not found for the updater JSON. Skipping upload...");return}L=L.replace(/\/download\/(untagged-[^/]+)\//,l?`/download/${l}/`:"/latest/download/");let M=B.platform;if(M==="macos"){M="darwin"}let P=_.arch;P=P==="amd64"||P==="x86_64"||P==="x64"?"x86_64":P==="x86"||P==="i386"?"i686":P==="arm"?"armv7":P==="arm64"?"aarch64":P;if(M==="darwin"&&P==="universal"){if(!S.platforms["darwin-aarch64"]){S.platforms["darwin-aarch64"]={signature:(0,n.readFileSync)(_.path).toString(),url:L}}if(!S.platforms["darwin-x86_64"]){S.platforms["darwin-x86_64"]={signature:(0,n.readFileSync)(_.path).toString(),url:L}}}if(m||M!=="darwin"||P!=="universal"){S.platforms[`${M}-${P}`]={signature:(0,n.readFileSync)(_.path).toString(),url:L}}(0,n.writeFileSync)(R,JSON.stringify(S,null,2));if(F){await D.rest.repos.deleteReleaseAsset({owner:r,repo:A,release_id:E,asset_id:F.id})}const x=(0,p.Dg)({path:R,name:b,debug:false,platform:B.platform,arch:"",version:s});await(0,d.r)(r,A,E,[x],y)}},4553:(r,A,s)=>{s.d(A,{Dg:()=>createArtifact,NK:()=>execCommand,wm:()=>getAssetName,Vp:()=>getInfo,d:()=>getTargetDir,sg:()=>getTargetInfo,Z0:()=>getTauriDir,Lw:()=>getWorkspaceDir,ws:()=>hasDependency,L5:()=>retry,Ui:()=>usesBun,me:()=>usesPnpm,z8:()=>usesYarn});var n=s(3024);var a=s(6760);var u=s.n(a);var l=s(2811);function isPlainObject(r){if(typeof r!=="object"||r===null){return false}const A=Object.getPrototypeOf(r);return(A===null||A===Object.prototype||Object.getPrototypeOf(A)===null)&&!(Symbol.toStringTag in r)&&!(Symbol.iterator in r)}const g=__WEBPACK_EXTERNAL_createRequire(import.meta.url)("node:url");const safeNormalizeFileUrl=(r,A)=>{const s=normalizeFileUrl(normalizeDenoExecPath(r));if(typeof s!=="string"){throw new TypeError(`${A} must be a string or a file URL: ${s}.`)}return s};const normalizeDenoExecPath=r=>isDenoExecPath(r)?r.toString():r;const isDenoExecPath=r=>typeof r!=="string"&&r&&Object.getPrototypeOf(r)===String.prototype;const normalizeFileUrl=r=>r instanceof URL?(0,g.fileURLToPath)(r):r;const normalizeParameters=(r,A=[],s={})=>{const n=safeNormalizeFileUrl(r,"First argument");const[a,u]=isPlainObject(A)?[[],A]:[A,s];if(!Array.isArray(a)){throw new TypeError(`Second argument must be either an array of arguments or an options object: ${a}`)}if(a.some((r=>typeof r==="object"&&r!==null))){throw new TypeError(`Second argument must be an array of strings: ${a}`)}const l=a.map(String);const g=l.find((r=>r.includes("\0")));if(g!==undefined){throw new TypeError(`Arguments cannot contain null bytes ("\\0"): ${g}`)}if(!isPlainObject(u)){throw new TypeError(`Last argument must be an options object: ${u}`)}return[n,l,u]};const E=__WEBPACK_EXTERNAL_createRequire(import.meta.url)("node:child_process");const d=__WEBPACK_EXTERNAL_createRequire(import.meta.url)("node:string_decoder");const{toString:p}=Object.prototype;const isArrayBuffer=r=>p.call(r)==="[object ArrayBuffer]";const isUint8Array=r=>p.call(r)==="[object Uint8Array]";const bufferToUint8Array=r=>new Uint8Array(r.buffer,r.byteOffset,r.byteLength);const C=new TextEncoder;const stringToUint8Array=r=>C.encode(r);const B=new TextDecoder;const uint8ArrayToString=r=>B.decode(r);const joinToString=(r,A)=>{const s=uint8ArraysToStrings(r,A);return s.join("")};const uint8ArraysToStrings=(r,A)=>{if(A==="utf8"&&r.every((r=>typeof r==="string"))){return r}const s=new d.StringDecoder(A);const n=r.map((r=>typeof r==="string"?stringToUint8Array(r):r)).map((r=>s.write(r)));const a=s.end();return a===""?n:[...n,a]};const joinToUint8Array=r=>{if(r.length===1&&isUint8Array(r[0])){return r[0]}return concatUint8Arrays(stringsToUint8Arrays(r))};const stringsToUint8Arrays=r=>r.map((r=>typeof r==="string"?stringToUint8Array(r):r));const concatUint8Arrays=r=>{const A=new Uint8Array(getJoinLength(r));let s=0;for(const n of r){A.set(n,s);s+=n.length}return A};const getJoinLength=r=>{let A=0;for(const s of r){A+=s.length}return A};const isTemplateString=r=>Array.isArray(r)&&Array.isArray(r.raw);const parseTemplates=(r,A)=>{let s=[];for(const[n,a]of r.entries()){s=parseTemplate({templates:r,expressions:A,tokens:s,index:n,template:a})}if(s.length===0){throw new TypeError("Template script must not be empty")}const[n,...a]=s;return[n,a,{}]};const parseTemplate=({templates:r,expressions:A,tokens:s,index:n,template:a})=>{if(a===undefined){throw new TypeError(`Invalid backslash sequence: ${r.raw[n]}`)}const{nextTokens:u,leadingWhitespaces:l,trailingWhitespaces:g}=splitByWhitespaces(a,r.raw[n]);const E=concatTokens(s,u,l);if(n===A.length){return E}const d=A[n];const p=Array.isArray(d)?d.map((r=>parseExpression(r))):[parseExpression(d)];return concatTokens(E,p,g)};const splitByWhitespaces=(r,A)=>{if(A.length===0){return{nextTokens:[],leadingWhitespaces:false,trailingWhitespaces:false}}const s=[];let n=0;const a=Q.has(A[0]);for(let a=0,u=0;a<r.length;a+=1,u+=1){const l=A[u];if(Q.has(l)){if(n!==a){s.push(r.slice(n,a))}n=a+1}else if(l==="\\"){const r=A[u+1];if(r==="\n"){a-=1;u+=1}else if(r==="u"&&A[u+2]==="{"){u=A.indexOf("}",u+3)}else{u+=I[r]??1}}}const u=n===r.length;if(!u){s.push(r.slice(n))}return{nextTokens:s,leadingWhitespaces:a,trailingWhitespaces:u}};const Q=new Set([" ","\t","\r","\n"]);const I={x:3,u:5};const concatTokens=(r,A,s)=>s||r.length===0||A.length===0?[...r,...A]:[...r.slice(0,-1),`${r.at(-1)}${A[0]}`,...A.slice(1)];const parseExpression=r=>{const A=typeof r;if(A==="string"){return r}if(A==="number"){return String(r)}if(isPlainObject(r)&&("stdout"in r||"isMaxBuffer"in r)){return getSubprocessResult(r)}if(r instanceof E.ChildProcess||Object.prototype.toString.call(r)==="[object Promise]"){throw new TypeError("Unexpected subprocess in template expression. Please use ${await subprocess} instead of ${subprocess}.")}throw new TypeError(`Unexpected "${A}" in template expression`)};const getSubprocessResult=({stdout:r})=>{if(typeof r==="string"){return r}if(isUint8Array(r)){return uint8ArrayToString(r)}if(r===undefined){throw new TypeError('Missing result.stdout in template expression. This is probably due to the previous subprocess\' "stdout" option.')}throw new TypeError(`Unexpected "${typeof r}" stdout in template expression`)};var m=s(7975);const y=__WEBPACK_EXTERNAL_createRequire(import.meta.url)("node:process");const isStandardStream=r=>w.includes(r);const w=[y.stdin,y.stdout,y.stderr];const D=["stdin","stdout","stderr"];const getStreamName=r=>D[r]??`stdio[${r}]`;const normalizeFdSpecificOptions=r=>{const A={...r};for(const s of k){A[s]=normalizeFdSpecificOption(r,s)}return A};const normalizeFdSpecificOption=(r,A)=>{const s=Array.from({length:getStdioLength(r)+1});const n=normalizeFdSpecificValue(r[A],s,A);return addDefaultValue(n,A)};const getStdioLength=({stdio:r})=>Array.isArray(r)?Math.max(r.length,D.length):D.length;const normalizeFdSpecificValue=(r,A,s)=>isPlainObject(r)?normalizeOptionObject(r,A,s):A.fill(r);const normalizeOptionObject=(r,A,s)=>{for(const n of Object.keys(r).sort(compareFdName)){for(const a of parseFdName(n,s,A)){A[a]=r[n]}}return A};const compareFdName=(r,A)=>getFdNameOrder(r)<getFdNameOrder(A)?1:-1;const getFdNameOrder=r=>{if(r==="stdout"||r==="stderr"){return 0}return r==="all"?2:1};const parseFdName=(r,A,s)=>{if(r==="ipc"){return[s.length-1]}const n=parseFd(r);if(n===undefined||n===0){throw new TypeError(`"${A}.${r}" is invalid.\nIt must be "${A}.stdout", "${A}.stderr", "${A}.all", "${A}.ipc", or "${A}.fd3", "${A}.fd4" (and so on).`)}if(n>=s.length){throw new TypeError(`"${A}.${r}" is invalid: that file descriptor does not exist.\nPlease set the "stdio" option to ensure that file descriptor exists.`)}return n==="all"?[1,2]:[n]};const parseFd=r=>{if(r==="all"){return r}if(D.includes(r)){return D.indexOf(r)}const A=b.exec(r);if(A!==null){return Number(A[1])}};const b=/^fd(\d+)$/;const addDefaultValue=(r,A)=>r.map((r=>r===undefined?S[A]:r));const R=(0,m.debuglog)("execa").enabled?"full":"none";const S={lines:false,buffer:true,maxBuffer:1e3*1e3*100,verbose:R,stripFinalNewline:true};const k=["lines","buffer","maxBuffer","verbose","stripFinalNewline"];const getFdSpecificValue=(r,A)=>A==="ipc"?r.at(-1):r[A];const isVerbose=({verbose:r},A)=>getFdVerbose(r,A)!=="none";const isFullVerbose=({verbose:r},A)=>!["none","short"].includes(getFdVerbose(r,A));const getVerboseFunction=({verbose:r},A)=>{const s=getFdVerbose(r,A);return isVerboseFunction(s)?s:undefined};const getFdVerbose=(r,A)=>A===undefined?getFdGenericVerbose(r):getFdSpecificValue(r,A);const getFdGenericVerbose=r=>r.find((r=>isVerboseFunction(r)))??F.findLast((A=>r.includes(A)));const isVerboseFunction=r=>typeof r==="function";const F=["none","short","full"];const joinCommand=(r,A)=>{const s=[r,...A];const n=s.join(" ");const a=s.map((r=>quoteString(escapeControlCharacters(r)))).join(" ");return{command:n,escapedCommand:a}};const escapeLines=r=>(0,m.stripVTControlCharacters)(r).split("\n").map((r=>escapeControlCharacters(r))).join("\n");const escapeControlCharacters=r=>r.replaceAll(T,(r=>escapeControlCharacter(r)));const escapeControlCharacter=r=>{const A=N[r];if(A!==undefined){return A}const s=r.codePointAt(0);const n=s.toString(16);return s<=v?`\\u${n.padStart(4,"0")}`:`\\U${n}`};const getSpecialCharRegExp=()=>{try{return new RegExp("\\p{Separator}|\\p{Other}","gu")}catch{return/[\s\u0000-\u001F\u007F-\u009F\u00AD]/g}};const T=getSpecialCharRegExp();const N={" ":" ","\b":"\\b","\f":"\\f","\n":"\\n","\r":"\\r","\t":"\\t"};const v=65535;const quoteString=r=>{if(_.test(r)){return r}return y.platform==="win32"?`"${r.replaceAll('"','""')}"`:`'${r.replaceAll("'","'\\''")}'`};const _=/^[\w./-]+$/;function isUnicodeSupported(){const{env:r}=y;const{TERM:A,TERM_PROGRAM:s}=r;if(y.platform!=="win32"){return A!=="linux"}return Boolean(r.WT_SESSION)||Boolean(r.TERMINUS_SUBLIME)||r.ConEmuTask==="{cmd::Cmder}"||s==="Terminus-Sublime"||s==="vscode"||A==="xterm-256color"||A==="alacritty"||A==="rxvt-unicode"||A==="rxvt-unicode-256color"||r.TERMINAL_EMULATOR==="JetBrains-JediTerm"}const U={circleQuestionMark:"(?)",questionMarkPrefix:"(?)",square:"█",squareDarkShade:"▓",squareMediumShade:"▒",squareLightShade:"░",squareTop:"▀",squareBottom:"▄",squareLeft:"▌",squareRight:"▐",squareCenter:"■",bullet:"●",dot:"․",ellipsis:"…",pointerSmall:"›",triangleUp:"▲",triangleUpSmall:"▴",triangleDown:"▼",triangleDownSmall:"▾",triangleLeftSmall:"◂",triangleRightSmall:"▸",home:"⌂",heart:"♥",musicNote:"♪",musicNoteBeamed:"♫",arrowUp:"↑",arrowDown:"↓",arrowLeft:"←",arrowRight:"→",arrowLeftRight:"↔",arrowUpDown:"↕",almostEqual:"≈",notEqual:"≠",lessOrEqual:"≤",greaterOrEqual:"≥",identical:"≡",infinity:"∞",subscriptZero:"₀",subscriptOne:"₁",subscriptTwo:"₂",subscriptThree:"₃",subscriptFour:"₄",subscriptFive:"₅",subscriptSix:"₆",subscriptSeven:"₇",subscriptEight:"₈",subscriptNine:"₉",oneHalf:"½",oneThird:"⅓",oneQuarter:"¼",oneFifth:"⅕",oneSixth:"⅙",oneEighth:"⅛",twoThirds:"⅔",twoFifths:"⅖",threeQuarters:"¾",threeFifths:"⅗",threeEighths:"⅜",fourFifths:"⅘",fiveSixths:"⅚",fiveEighths:"⅝",sevenEighths:"⅞",line:"─",lineBold:"━",lineDouble:"═",lineDashed0:"┄",lineDashed1:"┅",lineDashed2:"┈",lineDashed3:"┉",lineDashed4:"╌",lineDashed5:"╍",lineDashed6:"╴",lineDashed7:"╶",lineDashed8:"╸",lineDashed9:"╺",lineDashed10:"╼",lineDashed11:"╾",lineDashed12:"−",lineDashed13:"–",lineDashed14:"‐",lineDashed15:"⁃",lineVertical:"│",lineVerticalBold:"┃",lineVerticalDouble:"║",lineVerticalDashed0:"┆",lineVerticalDashed1:"┇",lineVerticalDashed2:"┊",lineVerticalDashed3:"┋",lineVerticalDashed4:"╎",lineVerticalDashed5:"╏",lineVerticalDashed6:"╵",lineVerticalDashed7:"╷",lineVerticalDashed8:"╹",lineVerticalDashed9:"╻",lineVerticalDashed10:"╽",lineVerticalDashed11:"╿",lineDownLeft:"┐",lineDownLeftArc:"╮",lineDownBoldLeftBold:"┓",lineDownBoldLeft:"┒",lineDownLeftBold:"┑",lineDownDoubleLeftDouble:"╗",lineDownDoubleLeft:"╖",lineDownLeftDouble:"╕",lineDownRight:"┌",lineDownRightArc:"╭",lineDownBoldRightBold:"┏",lineDownBoldRight:"┎",lineDownRightBold:"┍",lineDownDoubleRightDouble:"╔",lineDownDoubleRight:"╓",lineDownRightDouble:"╒",lineUpLeft:"┘",lineUpLeftArc:"╯",lineUpBoldLeftBold:"┛",lineUpBoldLeft:"┚",lineUpLeftBold:"┙",lineUpDoubleLeftDouble:"╝",lineUpDoubleLeft:"╜",lineUpLeftDouble:"╛",lineUpRight:"└",lineUpRightArc:"╰",lineUpBoldRightBold:"┗",lineUpBoldRight:"┖",lineUpRightBold:"┕",lineUpDoubleRightDouble:"╚",lineUpDoubleRight:"╙",lineUpRightDouble:"╘",lineUpDownLeft:"┤",lineUpBoldDownBoldLeftBold:"┫",lineUpBoldDownBoldLeft:"┨",lineUpDownLeftBold:"┥",lineUpBoldDownLeftBold:"┩",lineUpDownBoldLeftBold:"┪",lineUpDownBoldLeft:"┧",lineUpBoldDownLeft:"┦",lineUpDoubleDownDoubleLeftDouble:"╣",lineUpDoubleDownDoubleLeft:"╢",lineUpDownLeftDouble:"╡",lineUpDownRight:"├",lineUpBoldDownBoldRightBold:"┣",lineUpBoldDownBoldRight:"┠",lineUpDownRightBold:"┝",lineUpBoldDownRightBold:"┡",lineUpDownBoldRightBold:"┢",lineUpDownBoldRight:"┟",lineUpBoldDownRight:"┞",lineUpDoubleDownDoubleRightDouble:"╠",lineUpDoubleDownDoubleRight:"╟",lineUpDownRightDouble:"╞",lineDownLeftRight:"┬",lineDownBoldLeftBoldRightBold:"┳",lineDownLeftBoldRightBold:"┯",lineDownBoldLeftRight:"┰",lineDownBoldLeftBoldRight:"┱",lineDownBoldLeftRightBold:"┲",lineDownLeftRightBold:"┮",lineDownLeftBoldRight:"┭",lineDownDoubleLeftDoubleRightDouble:"╦",lineDownDoubleLeftRight:"╥",lineDownLeftDoubleRightDouble:"╤",lineUpLeftRight:"┴",lineUpBoldLeftBoldRightBold:"┻",lineUpLeftBoldRightBold:"┷",lineUpBoldLeftRight:"┸",lineUpBoldLeftBoldRight:"┹",lineUpBoldLeftRightBold:"┺",lineUpLeftRightBold:"┶",lineUpLeftBoldRight:"┵",lineUpDoubleLeftDoubleRightDouble:"╩",lineUpDoubleLeftRight:"╨",lineUpLeftDoubleRightDouble:"╧",lineUpDownLeftRight:"┼",lineUpBoldDownBoldLeftBoldRightBold:"╋",lineUpDownBoldLeftBoldRightBold:"╈",lineUpBoldDownLeftBoldRightBold:"╇",lineUpBoldDownBoldLeftRightBold:"╊",lineUpBoldDownBoldLeftBoldRight:"╉",lineUpBoldDownLeftRight:"╀",lineUpDownBoldLeftRight:"╁",lineUpDownLeftBoldRight:"┽",lineUpDownLeftRightBold:"┾",lineUpBoldDownBoldLeftRight:"╂",lineUpDownLeftBoldRightBold:"┿",lineUpBoldDownLeftBoldRight:"╃",lineUpBoldDownLeftRightBold:"╄",lineUpDownBoldLeftBoldRight:"╅",lineUpDownBoldLeftRightBold:"╆",lineUpDoubleDownDoubleLeftDoubleRightDouble:"╬",lineUpDoubleDownDoubleLeftRight:"╫",lineUpDownLeftDoubleRightDouble:"╪",lineCross:"╳",lineBackslash:"╲",lineSlash:"╱"};const L={tick:"✔",info:"ℹ",warning:"⚠",cross:"✘",squareSmall:"◻",squareSmallFilled:"◼",circle:"◯",circleFilled:"◉",circleDotted:"◌",circleDouble:"◎",circleCircle:"ⓞ",circleCross:"ⓧ",circlePipe:"Ⓘ",radioOn:"◉",radioOff:"◯",checkboxOn:"☒",checkboxOff:"☐",checkboxCircleOn:"ⓧ",checkboxCircleOff:"Ⓘ",pointer:"❯",triangleUpOutline:"△",triangleLeft:"◀",triangleRight:"▶",lozenge:"◆",lozengeOutline:"◇",hamburger:"☰",smiley:"㋡",mustache:"෴",star:"★",play:"▶",nodejs:"⬢",oneSeventh:"⅐",oneNinth:"⅑",oneTenth:"⅒"};const M={tick:"√",info:"i",warning:"‼",cross:"×",squareSmall:"□",squareSmallFilled:"■",circle:"( )",circleFilled:"(*)",circleDotted:"( )",circleDouble:"( )",circleCircle:"(○)",circleCross:"(×)",circlePipe:"(│)",radioOn:"(*)",radioOff:"( )",checkboxOn:"[×]",checkboxOff:"[ ]",checkboxCircleOn:"(×)",checkboxCircleOff:"( )",pointer:">",triangleUpOutline:"∆",triangleLeft:"◄",triangleRight:"►",lozenge:"♦",lozengeOutline:"◊",hamburger:"≡",smiley:"☺",mustache:"┌─┐",star:"✶",play:"►",nodejs:"♦",oneSeventh:"1/7",oneNinth:"1/9",oneTenth:"1/10"};const P={...U,...L};const x={...U,...M};const G=isUnicodeSupported();const O=G?P:x;const H=O;const Y=Object.entries(L);const replaceSymbols=(r,{useFallback:A=!G}={})=>{if(A){for(const[A,s]of Y){r=r.replaceAll(s,x[A])}}return r};const J=__WEBPACK_EXTERNAL_createRequire(import.meta.url)("node:tty");const V=J?.WriteStream?.prototype?.hasColors?.()??false;const format=(r,A)=>{if(!V){return r=>r}const s=`[${r}m`;const n=`[${A}m`;return r=>{const A=r+"";let a=A.indexOf(n);if(a===-1){return s+A+n}let u=s;let l=0;while(a!==-1){u+=A.slice(l,a)+s;l=a+n.length;a=A.indexOf(n,l)}u+=A.slice(l)+n;return u}};const W=format(0,0);const q=format(1,22);const j=format(2,22);const $=format(3,23);const K=format(4,24);const z=format(53,55);const Z=format(7,27);const X=format(8,28);const ee=format(9,29);const te=format(30,39);const re=format(31,39);const Ae=format(32,39);const se=format(33,39);const ne=format(34,39);const oe=format(35,39);const ie=format(36,39);const ae=format(37,39);const ce=format(90,39);const ue=format(40,49);const le=format(41,49);const ge=format(42,49);const he=format(43,49);const Ee=format(44,49);const de=format(45,49);const pe=format(46,49);const fe=format(47,49);const Ce=format(100,49);const Be=format(91,39);const Qe=format(92,39);const Ie=format(93,39);const me=format(94,39);const ye=format(95,39);const we=format(96,39);const De=format(97,39);const be=format(101,49);const Re=format(102,49);const Se=format(103,49);const ke=format(104,49);const Fe=format(105,49);const Te=format(106,49);const Ne=format(107,49);const defaultVerboseFunction=({type:r,message:A,timestamp:s,piped:n,commandId:a,result:{failed:u=false}={},options:{reject:l=true}})=>{const g=serializeTimestamp(s);const E=ve[r]({failed:u,reject:l,piped:n});const d=_e[r]({reject:l});return`${ce(`[${g}]`)} ${ce(`[${a}]`)} ${d(E)} ${d(A)}`};const serializeTimestamp=r=>`${padField(r.getHours(),2)}:${padField(r.getMinutes(),2)}:${padField(r.getSeconds(),2)}.${padField(r.getMilliseconds(),3)}`;const padField=(r,A)=>String(r).padStart(A,"0");const getFinalIcon=({failed:r,reject:A})=>{if(!r){return H.tick}return A?H.cross:H.warning};const ve={command:({piped:r})=>r?"|":"$",output:()=>" ",ipc:()=>"*",error:getFinalIcon,duration:getFinalIcon};const identity=r=>r;const _e={command:()=>q,output:()=>identity,ipc:()=>identity,error:({reject:r})=>r?Be:Ie,duration:()=>ce};const applyVerboseOnLines=(r,A,s)=>{const n=getVerboseFunction(A,s);return r.map((({verboseLine:r,verboseObject:A})=>applyVerboseFunction(r,A,n))).filter((r=>r!==undefined)).map((r=>appendNewline(r))).join("")};const applyVerboseFunction=(r,A,s)=>{if(s===undefined){return r}const n=s(r,A);if(typeof n==="string"){return n}};const appendNewline=r=>r.endsWith("\n")?r:`${r}\n`;const verboseLog=({type:r,verboseMessage:A,fdNumber:s,verboseInfo:n,result:a})=>{const u=getVerboseObject({type:r,result:a,verboseInfo:n});const l=getPrintedLines(A,u);const g=applyVerboseOnLines(l,n,s);if(g!==""){console.warn(g.slice(0,-1))}};const getVerboseObject=({type:r,result:A,verboseInfo:{escapedCommand:s,commandId:n,rawOptions:{piped:a=false,...u}}})=>({type:r,escapedCommand:s,commandId:`${n}`,timestamp:new Date,piped:a,result:A,options:u});const getPrintedLines=(r,A)=>r.split("\n").map((r=>getPrintedLine({...A,message:r})));const getPrintedLine=r=>{const A=defaultVerboseFunction(r);return{verboseLine:A,verboseObject:r}};const serializeVerboseMessage=r=>{const A=typeof r==="string"?r:(0,m.inspect)(r);const s=escapeLines(A);return s.replaceAll("\t"," ".repeat(Ue))};const Ue=2;const logCommand=(r,A)=>{if(!isVerbose(A)){return}verboseLog({type:"command",verboseMessage:r,verboseInfo:A})};const getVerboseInfo=(r,A,s)=>{validateVerbose(r);const n=getCommandId(r);return{verbose:r,escapedCommand:A,commandId:n,rawOptions:s}};const getCommandId=r=>isVerbose({verbose:r})?Le++:undefined;let Le=0n;const validateVerbose=r=>{for(const A of r){if(A===false){throw new TypeError('The "verbose: false" option was renamed to "verbose: \'none\'".')}if(A===true){throw new TypeError('The "verbose: true" option was renamed to "verbose: \'short\'".')}if(!F.includes(A)&&!isVerboseFunction(A)){const r=F.map((r=>`'${r}'`)).join(", ");throw new TypeError(`The "verbose" option must not be ${A}. Allowed values are: ${r} or a function.`)}}};const getStartTime=()=>y.hrtime.bigint();const getDurationMs=r=>Number(y.hrtime.bigint()-r)/1e6;const handleCommand=(r,A,s)=>{const n=getStartTime();const{command:a,escapedCommand:u}=joinCommand(r,A);const l=normalizeFdSpecificOption(s,"verbose");const g=getVerboseInfo(l,u,{...s});logCommand(u,g);return{command:a,escapedCommand:u,startTime:n,verboseInfo:g}};var Me=s(4791);function pathKey(r={}){const{env:A=process.env,platform:s=process.platform}=r;if(s!=="win32"){return"PATH"}return Object.keys(A).reverse().find((r=>r.toUpperCase()==="PATH"))||"Path"}const Pe=(0,m.promisify)(E.execFile);function toPath(r){return r instanceof URL?(0,g.fileURLToPath)(r):r}function rootDirectory(r){return path.parse(toPath(r)).root}function traversePathUp(r){return{*[Symbol.iterator](){let A=a.resolve(toPath(r));let s;while(s!==A){yield A;s=A;A=a.resolve(A,"..")}}}}const xe=null&&10*1024*1024;async function execFile(r,A,s={}){return Pe(r,A,{maxBuffer:xe,...s})}function execFileSync(r,A=[],s={}){return execFileSyncOriginal(r,A,{maxBuffer:xe,encoding:"utf8",stdio:"pipe",...s})}const npmRunPath=({cwd:r=y.cwd(),path:A=y.env[pathKey()],preferLocal:s=true,execPath:n=y.execPath,addExecPath:u=true}={})=>{const l=a.resolve(toPath(r));const g=[];const E=A.split(a.delimiter);if(s){applyPreferLocal(g,E,l)}if(u){applyExecPath(g,E,n,l)}return A===""||A===a.delimiter?`${g.join(a.delimiter)}${A}`:[...g,A].join(a.delimiter)};const applyPreferLocal=(r,A,s)=>{for(const n of traversePathUp(s)){const s=a.join(n,"node_modules/.bin");if(!A.includes(s)){r.push(s)}}};const applyExecPath=(r,A,s,n)=>{const u=a.resolve(n,toPath(s),"..");if(!A.includes(u)){r.push(u)}};const npmRunPathEnv=({env:r=y.env,...A}={})=>{r={...r};const s=pathKey({env:r});A.path=r[s];r[s]=npmRunPath(A);return r};const Ge=__WEBPACK_EXTERNAL_createRequire(import.meta.url)("node:timers/promises");const getFinalError=(r,A,s)=>{const n=s?ExecaSyncError:ExecaError;const a=r instanceof DiscardedError?{}:{cause:r};return new n(A,a)};class DiscardedError extends Error{}const setErrorName=(r,A)=>{Object.defineProperty(r.prototype,"name",{value:A,writable:true,enumerable:false,configurable:true});Object.defineProperty(r.prototype,Oe,{value:true,writable:false,enumerable:false,configurable:false})};const isExecaError=r=>isErrorInstance(r)&&Oe in r;const Oe=Symbol("isExecaError");const isErrorInstance=r=>Object.prototype.toString.call(r)==="[object Error]";class ExecaError extends Error{}setErrorName(ExecaError,ExecaError.name);class ExecaSyncError extends Error{}setErrorName(ExecaSyncError,ExecaSyncError.name);const He=__WEBPACK_EXTERNAL_createRequire(import.meta.url)("node:os");const getRealtimeSignals=()=>{const r=Je-Ye+1;return Array.from({length:r},getRealtimeSignal)};const getRealtimeSignal=(r,A)=>({name:`SIGRT${A+1}`,number:Ye+A,action:"terminate",description:"Application-specific signal (realtime)",standard:"posix"});const Ye=34;const Je=64;const Ve=[{name:"SIGHUP",number:1,action:"terminate",description:"Terminal closed",standard:"posix"},{name:"SIGINT",number:2,action:"terminate",description:"User interruption with CTRL-C",standard:"ansi"},{name:"SIGQUIT",number:3,action:"core",description:"User interruption with CTRL-\\",standard:"posix"},{name:"SIGILL",number:4,action:"core",description:"Invalid machine instruction",standard:"ansi"},{name:"SIGTRAP",number:5,action:"core",description:"Debugger breakpoint",standard:"posix"},{name:"SIGABRT",number:6,action:"core",description:"Aborted",standard:"ansi"},{name:"SIGIOT",number:6,action:"core",description:"Aborted",standard:"bsd"},{name:"SIGBUS",number:7,action:"core",description:"Bus error due to misaligned, non-existing address or paging error",standard:"bsd"},{name:"SIGEMT",number:7,action:"terminate",description:"Command should be emulated but is not implemented",standard:"other"},{name:"SIGFPE",number:8,action:"core",description:"Floating point arithmetic error",standard:"ansi"},{name:"SIGKILL",number:9,action:"terminate",description:"Forced termination",standard:"posix",forced:true},{name:"SIGUSR1",number:10,action:"terminate",description:"Application-specific signal",standard:"posix"},{name:"SIGSEGV",number:11,action:"core",description:"Segmentation fault",standard:"ansi"},{name:"SIGUSR2",number:12,action:"terminate",description:"Application-specific signal",standard:"posix"},{name:"SIGPIPE",number:13,action:"terminate",description:"Broken pipe or socket",standard:"posix"},{name:"SIGALRM",number:14,action:"terminate",description:"Timeout or timer",standard:"posix"},{name:"SIGTERM",number:15,action:"terminate",description:"Termination",standard:"ansi"},{name:"SIGSTKFLT",number:16,action:"terminate",description:"Stack is empty or overflowed",standard:"other"},{name:"SIGCHLD",number:17,action:"ignore",description:"Child process terminated, paused or unpaused",standard:"posix"},{name:"SIGCLD",number:17,action:"ignore",description:"Child process terminated, paused or unpaused",standard:"other"},{name:"SIGCONT",number:18,action:"unpause",description:"Unpaused",standard:"posix",forced:true},{name:"SIGSTOP",number:19,action:"pause",description:"Paused",standard:"posix",forced:true},{name:"SIGTSTP",number:20,action:"pause",description:'Paused using CTRL-Z or "suspend"',standard:"posix"},{name:"SIGTTIN",number:21,action:"pause",description:"Background process cannot read terminal input",standard:"posix"},{name:"SIGBREAK",number:21,action:"terminate",description:"User interruption with CTRL-BREAK",standard:"other"},{name:"SIGTTOU",number:22,action:"pause",description:"Background process cannot write to terminal output",standard:"posix"},{name:"SIGURG",number:23,action:"ignore",description:"Socket received out-of-band data",standard:"bsd"},{name:"SIGXCPU",number:24,action:"core",description:"Process timed out",standard:"bsd"},{name:"SIGXFSZ",number:25,action:"core",description:"File too big",standard:"bsd"},{name:"SIGVTALRM",number:26,action:"terminate",description:"Timeout or timer",standard:"bsd"},{name:"SIGPROF",number:27,action:"terminate",description:"Timeout or timer",standard:"bsd"},{name:"SIGWINCH",number:28,action:"ignore",description:"Terminal window size changed",standard:"bsd"},{name:"SIGIO",number:29,action:"terminate",description:"I/O is available",standard:"other"},{name:"SIGPOLL",number:29,action:"terminate",description:"Watched event",standard:"other"},{name:"SIGINFO",number:29,action:"ignore",description:"Request for process information",standard:"other"},{name:"SIGPWR",number:30,action:"terminate",description:"Device running out of power",standard:"systemv"},{name:"SIGSYS",number:31,action:"core",description:"Invalid system call",standard:"other"},{name:"SIGUNUSED",number:31,action:"terminate",description:"Invalid system call",standard:"other"}];const getSignals=()=>{const r=getRealtimeSignals();const A=[...Ve,...r].map(normalizeSignal);return A};const normalizeSignal=({name:r,number:A,description:s,action:n,forced:a=false,standard:u})=>{const{signals:{[r]:l}}=He.constants;const g=l!==undefined;const E=g?l:A;return{name:r,number:E,description:s,supported:g,action:n,forced:a,standard:u}};const getSignalsByName=()=>{const r=getSignals();return Object.fromEntries(r.map(getSignalByName))};const getSignalByName=({name:r,number:A,description:s,supported:n,action:a,forced:u,standard:l})=>[r,{name:r,number:A,description:s,supported:n,action:a,forced:u,standard:l}];const We=getSignalsByName();const getSignalsByNumber=()=>{const r=getSignals();const A=Je+1;const s=Array.from({length:A},((A,s)=>getSignalByNumber(s,r)));return Object.assign({},...s)};const getSignalByNumber=(r,A)=>{const s=findSignalByNumber(r,A);if(s===undefined){return{}}const{name:n,description:a,supported:u,action:l,forced:g,standard:E}=s;return{[r]:{name:n,number:r,description:a,supported:u,action:l,forced:g,standard:E}}};const findSignalByNumber=(r,A)=>{const s=A.find((({name:A})=>He.constants.signals[A]===r));if(s!==undefined){return s}return A.find((A=>A.number===r))};const qe=getSignalsByNumber();const normalizeKillSignal=r=>{const A="option `killSignal`";if(r===0){throw new TypeError(`Invalid ${A}: 0 cannot be used.`)}return signal_normalizeSignal(r,A)};const normalizeSignalArgument=r=>r===0?r:signal_normalizeSignal(r,"`subprocess.kill()`'s argument");const signal_normalizeSignal=(r,A)=>{if(Number.isInteger(r)){return normalizeSignalIn
2026-07-19T03:05:27.5451580Z Node 20 is being deprecated. This workflow is running with Node 24 by default. If you need to temporarily use Node 20, you can set the ACTIONS_ALLOW_USE_UNSECURE_NODE_VERSION=true environment variable. For more information see: https://github.blog/changelog/2025-09-19-deprecation-of-node-20-on-github-actions-runners/
2026-07-19T03:05:27.5452690Z Post job cleanup.
2026-07-19T03:05:27.6476160Z [command]/opt/homebrew/bin/git version
2026-07-19T03:05:27.6549400Z git version 2.54.0
2026-07-19T03:05:27.6594090Z Copying '/Users/runner/.gitconfig' to '/Users/runner/work/_temp/39047f91-f350-4919-82f8-44c9509df4bd/.gitconfig'
2026-07-19T03:05:27.6600830Z Temporarily overriding HOME='/Users/runner/work/_temp/39047f91-f350-4919-82f8-44c9509df4bd' before making global git config changes
2026-07-19T03:05:27.6601790Z Adding repository directory to the temporary git global config as a safe directory
2026-07-19T03:05:27.6604840Z [command]/opt/homebrew/bin/git config --global --add safe.directory /Users/runner/work/koudaixiangce/koudaixiangce
2026-07-19T03:05:27.6675780Z [command]/opt/homebrew/bin/git config --local --name-only --get-regexp core\.sshCommand
2026-07-19T03:05:27.6726940Z [command]/opt/homebrew/bin/git submodule foreach --recursive sh -c "git config --local --name-only --get-regexp 'core\.sshCommand' && git config --local --unset-all 'core.sshCommand' || :"
2026-07-19T03:05:27.7708070Z [command]/opt/homebrew/bin/git config --local --name-only --get-regexp http\.https\:\/\/github\.com\/\.extraheader
2026-07-19T03:05:27.7754030Z http.https://github.com/.extraheader
2026-07-19T03:05:27.7764240Z [command]/opt/homebrew/bin/git config --local --unset-all http.https://github.com/.extraheader
2026-07-19T03:05:27.7826710Z [command]/opt/homebrew/bin/git submodule foreach --recursive sh -c "git config --local --name-only --get-regexp 'http\.https\:\/\/github\.com\/\.extraheader' && git config --local --unset-all 'http.https://github.com/.extraheader' || :"
2026-07-19T03:05:27.8569500Z [command]/opt/homebrew/bin/git config --local --name-only --get-regexp ^includeIf\.gitdir:
2026-07-19T03:05:27.8617310Z [command]/opt/homebrew/bin/git submodule foreach --recursive git config --local --show-origin --name-only --get-regexp remote.origin.url
2026-07-19T03:05:27.9804410Z Cleaning up orphan processes
2026-07-19T03:05:28.7195740Z ##[warning]Node.js 20 is deprecated. The following actions target Node.js 20 but are being forced to run on Node.js 24: actions/checkout@v4, actions/setup-node@v4, tauri-apps/tauri-action@cf3eb9b18add8548a40584695215c80ab7274f31. For more information see: https://github.blog/changelog/2025-09-19-deprecation-of-node-20-on-github-actions-runners/
